---
source: tooling/nargo_cli/tests/execute.rs
expression: artifact
---
{
  "noir_version": "[noir_version]",
  "hash": "[hash]",
  "abi": {
    "parameters": [
      {
        "name": "enable",
        "type": {
          "kind": "array",
          "length": 2,
          "type": {
            "kind": "field"
          }
        },
        "visibility": "private"
      }
    ],
    "return_type": {
      "abi_type": {
        "kind": "array",
        "length": 4,
        "type": {
          "kind": "field"
        }
      },
      "visibility": "public"
    },
    "error_types": {
      "12049594436772143978": {
        "error_kind": "string",
        "string": "array ref-count underflow detected"
      },
      "14225679739041873922": {
        "error_kind": "string",
        "string": "Index out of bounds"
      },
      "17843811134343075018": {
        "error_kind": "string",
        "string": "Stack too deep"
      }
    }
  },
  "bytecode": "H4sIAAAAAAAA/9VazW7jRgymHEmxpMhW2vsCvbU9yX9xjj70RbRO8xx6vQJFH6C3PkEvLVCghzaTHSrUJ1rxRsN1lkAw8pAiP/4MFY0mok+UPP1F/jr2YyTGGfWJeQc/1tNoFVBXbYUxCohRxpbj7WJ85X8nJCbRIXrtJiF76y8y0Bf5+w6BgpOB3ZD67+ttk1GfAuPfZNQv9MD615nQaaC/vvZ6fmpf9KMvXAcRmeVpa+znuqRhQ4rAt9ioRiKwR+Angf2cTGtqFYE9xoPx4euSZdoXPBHw4nboB/OStu+Ho/nT3wchh7U1E3I/iOsfqY9hpvgQKT5Y1tdT/d4Z19BWywHmJ277tiVP5iAW8fwA8bGoORkfo/W9/ZZO9y6uh+uWOrqCeMoYcczmUh54meDFbd9O7n/Hwo7UxTgSkP/e/176MRX38P2VYj8F+z3cypyMEeq6UuZYPn36+85fF/7P1dCffA/14+7o4Md6InGPkD0L+3ci5gPW1u7c/t3lk0x7Qde/E8CD8ZH9wfFSBWul8KRvkiftpIqdr1FXScOajU6MRMO8a3akDOfD+PmwHouJ9j/GkoZrJgWs6P8hDNZVRsN8BNTf9YprEQvsFXObPJzdK9h+DlitesUc8GB8sFdkCtZK4UVwnSl2MsWOta7UQBfWjqODH+tptCIFE65Ptss5ykFWYizE/CXeZdh+Dlit6rsAPBgfrO8bBWul8GT8JU/auVHsaLoywIC5JjLP3+6t+cts8IzmT1ufn5s/7ClT8pe+c11YO44Ofqyn0ZoUTLg+Cnsce7ZVnoGjVHDgOluI+Uv0Sbafk+m679bZAvBgfHCdLRWslcLDNbdU7CwVO5quEjBgzTnKQPZSfZLt50ocLPJXKnHV+gTHbqFgrRQe9kmtThaKHWtdqQEurB1HBz/W02hDCibsT6U9jh3bWp6BoyS9p0qMlZi/RJ9k+zmZrvtunVWAB+OD6+xWwVopPKzHW8XOrWJH07UEDFhzjjIa9tdL9Em2n5Ppc3c19vzR+gTHrlKwVgoP+5FWJ5Vi52vUhfs0jg5+rKfRlm2N9acUeOjj2Lux9k3beO/n7F6Gez9G+9ajez8yPmNrAfd+tHViWXOBY9LtDcqYfKFe+fDWXmlUr6O9Usbnrb1S7mlOrY88oK6QvTILqKt4pz7eBNRVvlMfFwF1JQY+Gn/j7L7JGH2H6M73GO0jbvB8j4ydG3+BnDAvoeHZFxmHBOR/Ezp/9ddLoVf65qgQ/LFvmdzfZifwYJ8Z2+/WalDbX9R6PMuP7TNI+0vFdgk82ddYLlN0hnzOox/xK37MaNifZAwSmPvdjy6Gf1M/dlputD22SoldAfdJPHhuA3WjvPz+250DOnFffMLPP4Sf/1DfT20vRvvmwvJj72RaTUlf5Lvu8/3tC0/2SEex4IV813Ux+FfgQH+Ttu/vud+kxuIpczS2t4XPVe0cgLSH5z9kP8rBx9d6qmXc9/cvh5455wn1z2sQ2E9A/i//W64zHuMJOB/3zepx0zw2u+bhYXtsvgH9JGJXGNhv9pv743p73H/cbZrN3Re3f9zdfTxud03988r9XL9mXzvXJtexIz4bJ8/OSXnWl4D8fyzrdHllePZR2nNy1YhcdGJ81qHMxW1/TjtTJ88asnz3/aAdYmReIXiyxzi68b9lvKQuxpGAfOkVcE7k+UC+v1Lsz8F+D7cyh8+sQpEvFHmXn9TfxHUrfQ/9HvxsE/TLOcTGtePq+n/9PMecDTMAAA==",
  "debug_symbols": "pZbdTuMwEEbfJde5sMce//AqqEKlBFQpSqvQrrRCfff1ZOYL7EpFKHvDOW2Y4wbiJh/dy/B8fXs6Tq+n9+7h8aN7no/jeHx7Gk+H/eV4mtq7H52THzF0D77vYlSwIimyoijqAnYKryCFVlgrrBXWCmuFtcJaSa1CDV5BilaJDVHBiqTIiqKoC7JTeAUptJK1krWStZK1kluFG+qC4hReQYqgiApWJEVWaKW0Suq76hReQYqgiApWJEVWFIVWvHNGb2yhLAzGlipCNiZjNhZjVXpn9EYyBqP1fOtVYTJmYzFWJTmjN5IxGKPRemQ9sh7JZeBEqkmQC8qLeAhBAiRCGJIgGVIg1SSiHKVMIgQJkAhhSIJkSIFUk2UTLIIyo8woL5shiDBEylEkQwqkmsjGUPEQggRIhDBEyiySIQVSTWSzqHgIQQIkQhiCckY5o5xRLigXlAvKBeWCckG5oFxQLigXlCvKFeWKckW5olytTLJ3fBKRQ1kk4R1Zq4gUSDWRnaLiIQQJkAhhSIKg7FH2KMue8VXEQwgSIBHSyuREEiRDWpm8SDWRvaPiIQQJkAhhiJT97dZ3uB88XeZhkNvBlxtEu22c9/MwXbqH6TqOffdrP16XX3o/76eFl/3cjraPNkwvjS34ehwHsVv/Oe3uj7ZdZ8Nt263j/PP5nDBfeNM8rfN31w/354mxPiXaMB9SsPmQypb59fxDzhvmY6g2H2PcMh+xfmS/ZZ7X9ZPbMM+Ei4+JN81nzIct/z+O6/pxy/knF20+ubplXm5vOu+3XL+J1vVpy/6h9fOT2zT/k/3z3TwVzIdN82Gdj+H/1r+/f76b9+v5//P337VX+8Nx/uuR/Sal+bh/Hgd7+XqdDl+OXn6fcQSP/Of5dBhervMgpc/n/vbjkdj3lGnXd+1e8RhcH91OHh3lUPtiaKckL728bN/TFPPuJh/sDw==",
  "file_map": {
    "50": {
      "source": "struct bar {\n    enable: [bool; 4],\n    data: [Field; 2],\n    pad: u32,\n}\n\nfn main(enable: [Field; 2]) -> pub [Field; 4] {\n    let mut result = [0; 4];\n    let a: [_; 4] = foo(enable[1]);\n    for i in 0..4 {\n        result[i] = a[i].data[i % 2];\n    }\n    result\n}\n\nfn foo(x: Field) -> [bar; 4] {\n    [\n        bar { enable: [true, true, false, false], data: [x, x + 1], pad: 0 },\n        bar { enable: [true, false, false, false], data: [x + 2, x + 7], pad: 0 },\n        bar { enable: [true, true, false, true], data: [x + 3, x + 5], pad: 0 },\n        bar { enable: [false, false, false, false], data: [x + 4, x - 1], pad: 0 },\n    ]\n}\n",
      "path": ""
    }
  },
  "names": [
    "main"
  ],
  "brillig_names": [
    "main"
  ]
}
