---
source: tooling/nargo_cli/tests/execute.rs
assertion_line: 512
expression: artifact
---
{
  "noir_version": "[noir_version]",
  "hash": "[hash]",
  "abi": {
    "parameters": [],
    "return_type": null,
    "error_types": {}
  },
  "bytecode": [
    "func 0",
    "current witness index : _0",
    "private parameters indices : []",
    "public parameters indices : []",
    "return value indices : []"
  ],
  "debug_symbols": "pdPdCoMgFAfwd/G6Cz9ytr3KGGF1GoJYOA1G9O6zyBbBYNiVHf/9zkHBETVQ+WepTNu90O0+osoqrdWz1F0tnepM2B2nDMWydBYgbKFdHlQvLRiHbsZrnaFBar/89OqlWVYnbUhxhsA0YQ0NW6Vh/pqyr8a/KeFixYQXG+f/e1FEL64JnuJ89RTzc57gFM83f0nxLKerZ3nK/TEa5zMqznlGU84veDx/QVLmCxLni/ycP8x/hErWyh5fzCCtkpWGtWy9qXepe/cxiS+ut10Njbcwd1qy0PsD",
  "file_map": {},
  "names": [
    "main"
  ],
  "brillig_names": []
}
