---
source: tooling/nargo_cli/tests/execute.rs
expression: artifact
---
{
  "noir_version": "[noir_version]",
  "hash": "[hash]",
  "abi": {
    "parameters": [
      {
        "name": "a",
        "type": {
          "kind": "array",
          "length": 1,
          "type": {
            "kind": "array",
            "length": 0,
            "type": {
              "kind": "integer",
              "sign": "unsigned",
              "width": 32
            }
          }
        },
        "visibility": "private"
      },
      {
        "name": "b",
        "type": {
          "kind": "boolean"
        },
        "visibility": "private"
      }
    ],
    "return_type": {
      "abi_type": {
        "kind": "array",
        "length": 0,
        "type": {
          "kind": "integer",
          "sign": "unsigned",
          "width": 32
        }
      },
      "visibility": "public"
    },
    "error_types": {}
  },
  "bytecode": [
    "func 0",
    "current witness index : _0",
    "private parameters indices : [_0]",
    "public parameters indices : []",
    "return value indices : []",
    "BLACKBOX::RANGE [(_0, 1)] []"
  ],
  "debug_symbols": "dY/RCoMwDEX/Jc992AbzwV8ZQ2KNUghpia0wxH9fFN1ksKf05vRc2hk6asvQBOnjCPVjhlYDcxgajh5ziGLbeXFwxCYrka3gxM1KqCQZainMDibksl0aE8o2M6rRiwOSzqYV9oFpPS3ua1/+q9V1d6vbR76b/bSEPujveyfUgC3THvsi/kTzKx3k+G/S6KkrSmvTxqz7DQ==",
  "file_map": {},
  "names": [
    "main"
  ],
  "brillig_names": []
}
