---
source: tooling/nargo_cli/tests/execute.rs
expression: artifact
---
{
  "noir_version": "[noir_version]",
  "hash": "[hash]",
  "abi": {
    "parameters": [
      {
        "name": "x",
        "type": {
          "kind": "boolean"
        },
        "visibility": "private"
      }
    ],
    "return_type": {
      "abi_type": {
        "kind": "boolean"
      },
      "visibility": "public"
    },
    "error_types": {
      "17843811134343075018": {
        "error_kind": "string",
        "string": "Stack too deep"
      }
    }
  },
  "bytecode": "H4sIAAAAAAAA/7VUWw6CMBBcoEYrURP50VuUAMKnH3qQRsI5OLoQt+lYKz+0kzTbx+5kZ9I2oQ8SHjME7Lkwe3eOah3KgFwq8fS5KMJXcOUoOaZwngUULj29hOLvVH2T9Ks5YP+VZM6Y/hjOCPxqyzyP0fK7WgiiyXNrZhzo+wFhzm4aR7LzE9TMeAKXqY/p7XQ3msjelgX99zNnHwpep55c9NH1FnNzsu9UjOG1tJ39VDLm34AWhIBzzL/weg/9myhW9Dm0uhwqPehG93390meHnxyf3vJxnPDpBQAA",
  "debug_symbols": "dZBNCoQwDIXvknUXOsyvVxGRqlEKoS2xHRikd59UFJ3FbJKmL99rkwUG7OLUGju6Gap6gY4NkZlacr0Oxlm5XaDIobxDVaakYJfawIhZOfWKg9eMNkBlI5GCt6a4Ns1e2zUHzaIWCtAOksVwNIT5lNRBF//Rx2tjnwd8E7qRSveGf/6esg8b3RFu5Rhtf1LDx+/KPrtn1+MQGbPTaQES6/KlLtcm5de+",
  "file_map": {
    "50": {
      "source": "// A simple program for testing the NOT op\nfn main(x: bool) -> pub bool {\n    !x\n}\n",
      "path": ""
    }
  },
  "names": [
    "main"
  ],
  "brillig_names": [
    "main"
  ]
}
