---
source: tooling/nargo_cli/tests/execute.rs
assertion_line: 512
expression: artifact
---
{
  "noir_version": "[noir_version]",
  "hash": "[hash]",
  "abi": {
    "parameters": [],
    "return_type": null,
    "error_types": {
      "15208390675473152096": {
        "error_kind": "fmtstring",
        "length": 4,
        "item_types": []
      },
      "17843811134343075018": {
        "error_kind": "string",
        "string": "Stack too deep"
      }
    }
  },
  "bytecode": [
    "func 0",
    "current witness index : _0",
    "private parameters indices : []",
    "public parameters indices : []",
    "return value indices : []",
    "BRILLIG CALL func 0: inputs: [], outputs: [Array([])]",
    "unconstrained func 0",
    "[Const { destination: Direct(2), bit_size: Integer(U32), value: 1 }, Const { destination: Direct(1), bit_size: Integer(U32), value: 32836 }, Const { destination: Direct(0), bit_size: Integer(U32), value: 3 }, Const { destination: Relative(1), bit_size: Integer(U32), value: 0 }, Const { destination: Relative(2), bit_size: Integer(U32), value: 0 }, CalldataCopy { destination_address: Direct(32836), size_address: Relative(1), offset_address: Relative(2) }, Call { location: 18 }, Call { location: 19 }, BinaryIntOp { destination: Relative(2), op: Add, bit_size: U32, lhs: Relative(1), rhs: Direct(2) }, Const { destination: Relative(3), bit_size: Integer(U32), value: 32836 }, Const { destination: Relative(4), bit_size: Integer(U32), value: 0 }, Mov { destination: Direct(32771), source: Relative(2) }, Mov { destination: Direct(32772), source: Relative(3) }, Mov { destination: Direct(32773), source: Relative(4) }, Call { location: 121 }, Const { destination: Relative(2), bit_size: Integer(U32), value: 32836 }, Const { destination: Relative(3), bit_size: Integer(U32), value: 0 }, Stop { return_data: HeapVector { pointer: Relative(2), size: Relative(3) } }, Return, Call { location: 132 }, Const { destination: Relative(1), bit_size: Integer(U8), value: 102 }, Const { destination: Relative(2), bit_size: Integer(U8), value: 111 }, Mov { destination: Relative(3), source: Direct(1) }, Const { destination: Relative(4), bit_size: Integer(U32), value: 4 }, BinaryIntOp { destination: Direct(1), op: Add, bit_size: U32, lhs: Direct(1), rhs: Relative(4) }, IndirectConst { destination_pointer: Relative(3), bit_size: Integer(U32), value: 1 }, BinaryIntOp { destination: Relative(4), op: Add, bit_size: U32, lhs: Relative(3), rhs: Direct(2) }, Mov { destination: Relative(5), source: Relative(4) }, Store { destination_pointer: Relative(5), source: Relative(1) }, BinaryIntOp { destination: Relative(5), op: Add, bit_size: U32, lhs: Relative(5), rhs: Direct(2) }, Store { destination_pointer: Relative(5), source: Relative(2) }, BinaryIntOp { destination: Relative(5), op: Add, bit_size: U32, lhs: Relative(5), rhs: Direct(2) }, Store { destination_pointer: Relative(5), source: Relative(2) }, Const { destination: Relative(1), bit_size: Integer(U8), value: 123 }, Const { destination: Relative(2), bit_size: Integer(U8), value: 34 }, Const { destination: Relative(4), bit_size: Integer(U8), value: 107 }, Const { destination: Relative(5), bit_size: Integer(U8), value: 105 }, Const { destination: Relative(6), bit_size: Integer(U8), value: 110 }, Const { destination: Relative(7), bit_size: Integer(U8), value: 100 }, Const { destination: Relative(8), bit_size: Integer(U8), value: 58 }, Const { destination: Relative(9), bit_size: Integer(U8), value: 115 }, Const { destination: Relative(10), bit_size: Integer(U8), value: 116 }, Const { destination: Relative(11), bit_size: Integer(U8), value: 114 }, Const { destination: Relative(12), bit_size: Integer(U8), value: 103 }, Const { destination: Relative(13), bit_size: Integer(U8), value: 44 }, Const { destination: Relative(14), bit_size: Integer(U8), value: 108 }, Const { destination: Relative(15), bit_size: Integer(U8), value: 101 }, Const { destination: Relative(16), bit_size: Integer(U8), value: 104 }, Const { destination: Relative(17), bit_size: Integer(U8), value: 51 }, Const { destination: Relative(18), bit_size: Integer(U8), value: 125 }, Mov { destination: Relative(19), source: Direct(1) }, Const { destination: Relative(20), bit_size: Integer(U32), value: 29 }, BinaryIntOp { destination: Direct(1), op: Add, bit_size: U32, lhs: Direct(1), rhs: Relative(20) }, IndirectConst { destination_pointer: Relative(19), bit_size: Integer(U32), value: 1 }, BinaryIntOp { destination: Relative(20), op: Add, bit_size: U32, lhs: Relative(19), rhs: Direct(2) }, Mov { destination: Relative(21), source: Relative(20) }, Store { destination_pointer: Relative(21), source: Relative(1) }, BinaryIntOp { destination: Relative(21), op: Add, bit_size: U32, lhs: Relative(21), rhs: Direct(2) }, Store { destination_pointer: Relative(21), source: Relative(2) }, BinaryIntOp { destination: Relative(21), op: Add, bit_size: U32, lhs: Relative(21), rhs: Direct(2) }, Store { destination_pointer: Relative(21), source: Relative(4) }, BinaryIntOp { destination: Relative(21), op: Add, bit_size: U32, lhs: Relative(21), rhs: Direct(2) }, Store { destination_pointer: Relative(21), source: Relative(5) }, BinaryIntOp { destination: Relative(21), op: Add, bit_size: U32, lhs: Relative(21), rhs: Direct(2) }, Store { destination_pointer: Relative(21), source: Relative(6) }, BinaryIntOp { destination: Relative(21), op: Add, bit_size: U32, lhs: Relative(21), rhs: Direct(2) }, Store { destination_pointer: Relative(21), source: Relative(7) }, BinaryIntOp { destination: Relative(21), op: Add, bit_size: U32, lhs: Relative(21), rhs: Direct(2) }, Store { destination_pointer: Relative(21), source: Relative(2) }, BinaryIntOp { destination: Relative(21), op: Add, bit_size: U32, lhs: Relative(21), rhs: Direct(2) }, Store { destination_pointer: Relative(21), source: Relative(8) }, BinaryIntOp { destination: Relative(21), op: Add, bit_size: U32, lhs: Relative(21), rhs: Direct(2) }, Store { destination_pointer: Relative(21), source: Relative(2) }, BinaryIntOp { destination: Relative(21), op: Add, bit_size: U32, lhs: Relative(21), rhs: Direct(2) }, Store { destination_pointer: Relative(21), source: Relative(9) }, BinaryIntOp { destination: Relative(21), op: Add, bit_size: U32, lhs: Relative(21), rhs: Direct(2) }, Store { destination_pointer: Relative(21), source: Relative(10) }, BinaryIntOp { destination: Relative(21), op: Add, bit_size: U32, lhs: Relative(21), rhs: Direct(2) }, Store { destination_pointer: Relative(21), source: Relative(11) }, BinaryIntOp { destination: Relative(21), op: Add, bit_size: U32, lhs: Relative(21), rhs: Direct(2) }, Store { destination_pointer: Relative(21), source: Relative(5) }, BinaryIntOp { destination: Relative(21), op: Add, bit_size: U32, lhs: Relative(21), rhs: Direct(2) }, Store { destination_pointer: Relative(21), source: Relative(6) }, BinaryIntOp { destination: Relative(21), op: Add, bit_size: U32, lhs: Relative(21), rhs: Direct(2) }, Store { destination_pointer: Relative(21), source: Relative(12) }, BinaryIntOp { destination: Relative(21), op: Add, bit_size: U32, lhs: Relative(21), rhs: Direct(2) }, Store { destination_pointer: Relative(21), source: Relative(2) }, BinaryIntOp { destination: Relative(21), op: Add, bit_size: U32, lhs: Relative(21), rhs: Direct(2) }, Store { destination_pointer: Relative(21), source: Relative(13) }, BinaryIntOp { destination: Relative(21), op: Add, bit_size: U32, lhs: Relative(21), rhs: Direct(2) }, Store { destination_pointer: Relative(21), source: Relative(2) }, BinaryIntOp { destination: Relative(21), op: Add, bit_size: U32, lhs: Relative(21), rhs: Direct(2) }, Store { destination_pointer: Relative(21), source: Relative(14) }, BinaryIntOp { destination: Relative(21), op: Add, bit_size: U32, lhs: Relative(21), rhs: Direct(2) }, Store { destination_pointer: Relative(21), source: Relative(15) }, BinaryIntOp { destination: Relative(21), op: Add, bit_size: U32, lhs: Relative(21), rhs: Direct(2) }, Store { destination_pointer: Relative(21), source: Relative(6) }, BinaryIntOp { destination: Relative(21), op: Add, bit_size: U32, lhs: Relative(21), rhs: Direct(2) }, Store { destination_pointer: Relative(21), source: Relative(12) }, BinaryIntOp { destination: Relative(21), op: Add, bit_size: U32, lhs: Relative(21), rhs: Direct(2) }, Store { destination_pointer: Relative(21), source: Relative(10) }, BinaryIntOp { destination: Relative(21), op: Add, bit_size: U32, lhs: Relative(21), rhs: Direct(2) }, Store { destination_pointer: Relative(21), source: Relative(16) }, BinaryIntOp { destination: Relative(21), op: Add, bit_size: U32, lhs: Relative(21), rhs: Direct(2) }, Store { destination_pointer: Relative(21), source: Relative(2) }, BinaryIntOp { destination: Relative(21), op: Add, bit_size: U32, lhs: Relative(21), rhs: Direct(2) }, Store { destination_pointer: Relative(21), source: Relative(8) }, BinaryIntOp { destination: Relative(21), op: Add, bit_size: U32, lhs: Relative(21), rhs: Direct(2) }, Store { destination_pointer: Relative(21), source: Relative(17) }, BinaryIntOp { destination: Relative(21), op: Add, bit_size: U32, lhs: Relative(21), rhs: Direct(2) }, Store { destination_pointer: Relative(21), source: Relative(18) }, Const { destination: Relative(1), bit_size: Integer(U1), value: 1 }, Const { destination: Relative(2), bit_size: Integer(U1), value: 0 }, BinaryIntOp { destination: Relative(4), op: Add, bit_size: U32, lhs: Relative(3), rhs: Direct(2) }, BinaryIntOp { destination: Relative(5), op: Add, bit_size: U32, lhs: Relative(19), rhs: Direct(2) }, ForeignCall { function: \"print\", destinations: [], destination_value_types: [], inputs: [MemoryAddress(Relative(1)), HeapArray(HeapArray { pointer: Relative(4), size: 3 }), HeapArray(HeapArray { pointer: Relative(5), size: 28 }), MemoryAddress(Relative(2))], input_value_types: [Simple(Integer(U1)), Array { value_types: [Simple(Integer(U8))], size: 3 }, Array { value_types: [Simple(Integer(U8))], size: 28 }, Simple(Integer(U1))] }, Mov { destination: Relative(1), source: Direct(1) }, BinaryIntOp { destination: Direct(1), op: Add, bit_size: U32, lhs: Direct(1), rhs: Direct(2) }, IndirectConst { destination_pointer: Relative(1), bit_size: Integer(U32), value: 1 }, BinaryIntOp { destination: Relative(2), op: Add, bit_size: U32, lhs: Relative(1), rhs: Direct(2) }, Return, BinaryIntOp { destination: Direct(32775), op: Add, bit_size: U32, lhs: Direct(32771), rhs: Direct(32773) }, Mov { destination: Direct(32776), source: Direct(32771) }, Mov { destination: Direct(32777), source: Direct(32772) }, BinaryIntOp { destination: Direct(32778), op: Equals, bit_size: U32, lhs: Direct(32776), rhs: Direct(32775) }, JumpIf { condition: Direct(32778), location: 131 }, Load { destination: Direct(32774), source_pointer: Direct(32776) }, Store { destination_pointer: Direct(32777), source: Direct(32774) }, BinaryIntOp { destination: Direct(32776), op: Add, bit_size: U32, lhs: Direct(32776), rhs: Direct(2) }, BinaryIntOp { destination: Direct(32777), op: Add, bit_size: U32, lhs: Direct(32777), rhs: Direct(2) }, Jump { location: 124 }, Return, Const { destination: Direct(32772), bit_size: Integer(U32), value: 30720 }, BinaryIntOp { destination: Direct(32771), op: LessThan, bit_size: U32, lhs: Direct(0), rhs: Direct(32772) }, JumpIf { condition: Direct(32771), location: 137 }, IndirectConst { destination_pointer: Direct(1), bit_size: Integer(U64), value: 17843811134343075018 }, Trap { revert_data: HeapVector { pointer: Direct(1), size: Direct(2) } }, Return]"
  ],
  "debug_symbols": "ndTLaoNAFIDhd3Htwrmemb5KCcEktghigtVCCXn3zuQfe6HYRTb5M+r5UDLxWp26w/K678eX81v19HytDlM/DP3rfjgf27k/j+notWryh06fqq60IpoYYokjnggJJN5jUAyKQTFJsSmWOOKJkEDiPbYhimiCYlEsikWxKBbFojgUh+JQHIpDcSgOxaE4FIfiUTyKR/EoHsWjeBSP4lE8iqAIiqAIiqAIiqAIiqAISkAJKAEloASUgBJQAkpACSgRJaJElIgSUSJKRIkoESWiqKYpVaW61JTaUlfqS6U0lBZPFU8lz+XqUlNqS11p8nSulIbS5Onbra7WPb6fp67LW/zHpk9/hUs7deNcPY3LMNTVezss94veLu1479xO6WxTV914Sk3gSz90+dut/p5utkeVVmVY6fA17h6ZN25rXm/Ph7jOR22+5rX+NW+250VsmReJj8xbWedDszX/z/Nrtd6/Vv7X8+/Sqj3205/XWL7svZ369jB0+VieWsbjeklazh+X9cz6LrxM52N3WqYuc98vxLTtnvNPoIza5W2al0anpexu+RY+AQ==",
  "file_map": {
    "22": {
      "source": "pub mod hash;\npub mod aes128;\npub mod array;\npub mod slice;\npub mod ecdsa_secp256k1;\npub mod ecdsa_secp256r1;\npub mod embedded_curve_ops;\npub mod field;\npub mod collections;\npub mod compat;\npub mod convert;\npub mod option;\npub mod string;\npub mod test;\npub mod cmp;\npub mod ops;\npub mod default;\npub mod prelude;\npub mod runtime;\npub mod meta;\npub mod append;\npub mod mem;\npub mod panic;\npub mod hint;\n\nuse convert::AsPrimitive;\n\n// Oracle calls are required to be wrapped in an unconstrained function\n// Thus, the only argument to the `println` oracle is expected to always be an ident\n#[oracle(print)]\nunconstrained fn print_oracle<T>(with_newline: bool, input: T) {}\n\nunconstrained fn print_unconstrained<T>(with_newline: bool, input: T) {\n    print_oracle(with_newline, input);\n}\n\npub fn println<T>(input: T) {\n    // Safety: a print statement cannot be constrained\n    unsafe {\n        print_unconstrained(true, input);\n    }\n}\n\npub fn print<T>(input: T) {\n    // Safety: a print statement cannot be constrained\n    unsafe {\n        print_unconstrained(false, input);\n    }\n}\n\npub fn verify_proof<let N: u32, let M: u32, let K: u32>(\n    verification_key: [Field; N],\n    proof: [Field; M],\n    public_inputs: [Field; K],\n    key_hash: Field,\n) {\n    verify_proof_internal(verification_key, proof, public_inputs, key_hash, 0);\n}\n\npub fn verify_proof_with_type<let N: u32, let M: u32, let K: u32>(\n    verification_key: [Field; N],\n    proof: [Field; M],\n    public_inputs: [Field; K],\n    key_hash: Field,\n    proof_type: u32,\n) {\n    if !crate::runtime::is_unconstrained() {\n        crate::assert_constant(proof_type);\n    }\n    verify_proof_internal(verification_key, proof, public_inputs, key_hash, proof_type);\n}\n\n#[foreign(recursive_aggregation)]\nfn verify_proof_internal<let N: u32, let M: u32, let K: u32>(\n    verification_key: [Field; N],\n    proof: [Field; M],\n    public_inputs: [Field; K],\n    key_hash: Field,\n    proof_type: u32,\n) {}\n\n// Asserts that the given value is known at compile-time.\n// Useful for debugging for-loop bounds.\n#[builtin(assert_constant)]\npub fn assert_constant<T>(x: T) {}\n\n// Asserts that the given value is both true and known at compile-time.\n// The message can be a string, a format string, or any value, as long as it is known at compile-time\n#[builtin(static_assert)]\npub fn static_assert<T>(predicate: bool, message: T) {}\n\n#[deprecated(\"wrapping operations should be done with the Wrapping traits. E.g: x.wrapping_add(y)\")]\npub fn wrapping_add<T>(x: T, y: T) -> T\nwhere\n    T: AsPrimitive<Field>,\n    Field: AsPrimitive<T>,\n{\n    AsPrimitive::as_(x.as_() + y.as_())\n}\n#[deprecated(\"wrapping operations should be done with the Wrapping traits. E.g: x.wrapping_sub(y)\")]\npub fn wrapping_sub<T>(x: T, y: T) -> T\nwhere\n    T: AsPrimitive<Field>,\n    Field: AsPrimitive<T>,\n{\n    //340282366920938463463374607431768211456 is 2^128, it is used to avoid underflow\n    AsPrimitive::as_(x.as_() + 340282366920938463463374607431768211456 - y.as_())\n}\n#[deprecated(\"wrapping operations should be done with the Wrapping traits. E.g: x.wrapping_mul(y)\")]\npub fn wrapping_mul<T>(x: T, y: T) -> T\nwhere\n    T: AsPrimitive<Field>,\n    Field: AsPrimitive<T>,\n{\n    AsPrimitive::as_(x.as_() * y.as_())\n}\n\n#[builtin(as_witness)]\npub fn as_witness(x: Field) {}\n\nmod tests {\n    use super::ops::arith::WrappingMul;\n\n    #[test(should_fail_with = \"custom message\")]\n    fn test_static_assert_custom_message() {\n        super::static_assert(1 == 2, \"custom message\");\n    }\n\n    #[test]\n    fn test_wrapping_mul() {\n        let zero: u128 = 0;\n        let one: u128 = 1;\n        let two_pow_64: u128 = 0x10000000000000000;\n        let u128_max: u128 = 0xffffffffffffffffffffffffffffffff;\n\n        // 1*0==0\n        assert_eq(zero, zero.wrapping_mul(one));\n\n        // 0*1==0\n        assert_eq(zero, one.wrapping_mul(zero));\n\n        // 1*1==1\n        assert_eq(one, one.wrapping_mul(one));\n\n        // 0 * ( 1 << 64 ) ==  0\n        assert_eq(zero, zero.wrapping_mul(two_pow_64));\n\n        // ( 1 << 64 ) * 0 == 0\n        assert_eq(zero, two_pow_64.wrapping_mul(zero));\n\n        // 1 * ( 1 << 64 ) == 1 << 64\n        assert_eq(two_pow_64, two_pow_64.wrapping_mul(one));\n\n        // ( 1 << 64 ) * 1 == 1 << 64\n        assert_eq(two_pow_64, one.wrapping_mul(two_pow_64));\n\n        // ( 1 << 64 ) * ( 1 << 64 ) == 1 << 64\n        assert_eq(zero, two_pow_64.wrapping_mul(two_pow_64));\n        // -1 * -1 == 1\n        assert_eq(one, u128_max.wrapping_mul(u128_max));\n    }\n}\n",
      "path": "std/lib.nr"
    },
    "50": {
      "source": "// Regression for issue #7710 (https://github.com/noir-lang/noir/issues/7710)\nunconstrained fn foo() -> [Field; 0] {\n    println(\"foo\");\n    []\n}\n\nfn main() {\n    // Safety: testing context\n    let x = unsafe { foo() };\n\n    let _ = x.as_slice().map(|_| {\n        assert(false, \"test\");\n        panic(f\"test\");\n\n        std::static_assert(false, \"test\");\n        assert_constant(x);\n        0\n    });\n\n    let _ = x.as_slice().mapi(|_, _| {\n        assert(false, \"test\");\n        panic(f\"test\");\n\n        std::static_assert(false, \"test\");\n        assert_constant(x);\n        0\n    });\n\n    x.as_slice().for_each(|_| {\n        assert(false, \"test\");\n        panic(f\"test\");\n\n        std::static_assert(false, \"test\");\n        assert_constant(x);\n    });\n\n    x.as_slice().for_eachi(|_, _| {\n        assert(false, \"test\");\n        panic(f\"test\");\n\n        std::static_assert(false, \"test\");\n        assert_constant(x);\n    });\n\n    for _ in x.as_slice() {\n        assert(false, \"test\");\n        panic(f\"test\");\n\n        std::static_assert(false, \"test\");\n        std::assert_constant(x);\n    }\n\n    let _ = x.map(|_| {\n        std::static_assert(false, \"test\");\n        assert(false, \"test\");\n        panic(f\"test\");\n        assert_constant(x);\n    });\n\n    for _ in x {\n        std::static_assert(false, \"test\");\n        assert(false, \"test\");\n        panic(f\"test\");\n        assert_constant(x);\n    }\n\n    let empty_array: [Field; 0] = [];\n    for _ in empty_array.as_slice() {\n        std::static_assert(false, \"test\");\n        assert(false, \"test\");\n        panic(f\"test\");\n        assert_constant(x);\n    }\n\n    for _ in 0..0 {\n        std::static_assert(false, \"test\");\n        assert(false, \"test\");\n        panic(f\"test\");\n        assert_constant(x);\n    }\n}\n",
      "path": ""
    }
  },
  "names": [
    "main"
  ],
  "brillig_names": [
    "foo"
  ]
}
