---
source: tooling/nargo_cli/tests/execute.rs
expression: artifact
---
{
  "noir_version": "[noir_version]",
  "hash": "[hash]",
  "abi": {
    "parameters": [],
    "return_type": null,
    "error_types": {
      "17843811134343075018": {
        "error_kind": "string",
        "string": "Stack too deep"
      }
    }
  },
  "bytecode": "H4sIAAAAAAAA/92ZbW7TQBCG14kdcCCSBX8rzuDUDgn/IuGQ70/gAKYhEn8QQhwgJ+BsHIla8tjb6aRN6neExUiRY4/7zOx6ZveN65jSnPzomgpGkD/50c+PDcvfvP0M8/OwmnV9FhfJH4S9ni+MD5h/5OdMR4cfEl9p/sNnOefzseTbY6G4z28/L6zvb0xZH1rjp+enOf7XD4yZauf9sfQZ8LPNLDnenXsM//qa+CMd/g3xP6jwoyL/sQ4/Jf5Ehf82Jv5Uh1+sbTMdfp/4cx3+gPgLHf474i91+F+Iv9LhF/211uF/Jf5Ghd8v+nerw4+Iv9PhF/37UYdf1M8nHf4+26+zvXqU86S9GriextJejeOHaceU+7+xYthjc63rQJ0QOyyesfKwfRS/zXJF62aHxaN8+PzQs6C584RcA8HHa8QT4nhCnEDwcX3wVBbXZoq6MO6Y+/NL1hFyJo1IvhbLi75za7JzrrnnVkx+H8+nIfh9o1qH0bl9QdfaRvW5FX3RZPnw+eF94Qq5BoKP94XUf64QJxB81BfSumyAc6JcAxf1ij1OqVcabA4Mm1/b7DFlvfLb4vL7yLI9kfZd93iXM8yvhxWsPwhDitfM+Z65n7sd32P3z/LzNsuf5nj4xDwP/bR7iNJD2kv3+/gmfcX4mTWseZK0g11DQO0QSTXE1zC7hnD1292fu4Z51nNR1Brdh/ZJaW2R+oj+NmC+zLiebQlxWkIciZUAWUsgawFkrYGsCZCVAFnjmua1BbJ2QNYGyKprrc6ArATIGgFZyLxWQNYUyKprTSD7cQ5kJUAWal0ljYHKi79zOvf30qXa5KV174+f377/Msy44HOMnFjzRAJXjEc/xCUhafOlGKf8VwKLC+R/93LqfAH7P7ycyowL2CovpxIgawlkLYCsNZA1AbISIGtc07y2QNYOyNoAWXWt1RmQlQBZIyALmdcKyJoCWXWtCWQ/zoGsBMhCrquofwRlxgWspDUuFbCSNqksYN1HEkAI2MYj/lMC9i/vFyO6PygAAA==",
  "debug_symbols": "tZrdauJQFEbfJddenL3Pzz7HVxmG4k8sAYkSdWAQ332i1I7Y1LIuzk1pStZHYeUILnJu1u3y9P7W9ZvdoZn/Ojfb3Wpx7Hb9eHW+zJrl0G233fvb458bd/3h5Xb/Yb/or5eH42I4NnNxYda0/fr6Wxn5Tbdtm3l0l9+zxismPCYCJiImEiYMExkThRLBYQI7D9h5wM7DT87FHonZxK0+f66bfN6sepuPdedT3XmrO5/rzpeq89HVnZ8+LurviHdPj3JUTHhMBExETCRMGCYyJgolkvuJSK8fkFzk49ai/unxSFJzXGuO+5rjoeZ4rDmeao5bxXGb/M/N7h+EZuWZMExkTBRKZIcJwYRiwmMiYCJiAjvP2HnGzjN2XrDzgp0X7Lxg5wU7L9h5wc4Ldl6w84Kdi3McEY4oRzxHAkciRxJHjCOZI9y+cPvC7Qu3L9y+cPvC7Qu3L9y+cPvC7Su3r9y+cvvK7Su3r9y+cvvK7Su3r9y+5/Y9t++5fc/te27fc/ue2/fc/nSxtGB3JLsvSMHIdLN8jXAvgXsJ3EvgXgL3EvipDPxURn4qIz+VkZ/KyO1Hbj9y+5Hbj9x+5PYjt5+4/cTtJ24/cfuJ20/cfuL2E7efuP3E7Ru3b9y+cfvG7Ru3b9w+z23Ce5vw4Ca8uAlPbsKbm/DoJry6Cc9uwrub8PAmvLwJT2/C25vw+Ca8vgnPb8L7m/AAJ7zACU9wwhuc8AgnvMIpr3DKK5zyCqe8wuk3Fe7FNwv9psK9RBJDLuPVn8XQLZbb9uOVnM2pXz28oXP8u2+fXtbZD7tVuz4N7fW1nf9v7NyqWSozC+PsOP0P",
  "file_map": {
    "22": {
      "source": "pub mod hash;\npub mod aes128;\npub mod array;\npub mod slice;\npub mod ecdsa_secp256k1;\npub mod ecdsa_secp256r1;\npub mod embedded_curve_ops;\npub mod field;\npub mod collections;\npub mod compat;\npub mod convert;\npub mod option;\npub mod string;\npub mod test;\npub mod cmp;\npub mod ops;\npub mod default;\npub mod prelude;\npub mod runtime;\npub mod meta;\npub mod append;\npub mod mem;\npub mod panic;\npub mod hint;\n\nuse convert::AsPrimitive;\n\n// Oracle calls are required to be wrapped in an unconstrained function\n// Thus, the only argument to the `println` oracle is expected to always be an ident\n#[oracle(print)]\nunconstrained fn print_oracle<T>(with_newline: bool, input: T) {}\n\nunconstrained fn print_unconstrained<T>(with_newline: bool, input: T) {\n    print_oracle(with_newline, input);\n}\n\npub fn println<T>(input: T) {\n    // Safety: a print statement cannot be constrained\n    unsafe {\n        print_unconstrained(true, input);\n    }\n}\n\npub fn print<T>(input: T) {\n    // Safety: a print statement cannot be constrained\n    unsafe {\n        print_unconstrained(false, input);\n    }\n}\n\npub fn verify_proof<let N: u32, let M: u32, let K: u32>(\n    verification_key: [Field; N],\n    proof: [Field; M],\n    public_inputs: [Field; K],\n    key_hash: Field,\n) {\n    verify_proof_internal(verification_key, proof, public_inputs, key_hash, 0);\n}\n\npub fn verify_proof_with_type<let N: u32, let M: u32, let K: u32>(\n    verification_key: [Field; N],\n    proof: [Field; M],\n    public_inputs: [Field; K],\n    key_hash: Field,\n    proof_type: u32,\n) {\n    if !crate::runtime::is_unconstrained() {\n        crate::assert_constant(proof_type);\n    }\n    verify_proof_internal(verification_key, proof, public_inputs, key_hash, proof_type);\n}\n\n#[foreign(recursive_aggregation)]\nfn verify_proof_internal<let N: u32, let M: u32, let K: u32>(\n    verification_key: [Field; N],\n    proof: [Field; M],\n    public_inputs: [Field; K],\n    key_hash: Field,\n    proof_type: u32,\n) {}\n\n// Asserts that the given value is known at compile-time.\n// Useful for debugging for-loop bounds.\n#[builtin(assert_constant)]\npub fn assert_constant<T>(x: T) {}\n\n// Asserts that the given value is both true and known at compile-time\n#[builtin(static_assert)]\npub fn static_assert<let N: u32>(predicate: bool, message: str<N>) {}\n\n#[deprecated(\"wrapping operations should be done with the Wrapping traits. E.g: x.wrapping_add(y)\")]\npub fn wrapping_add<T>(x: T, y: T) -> T\nwhere\n    T: AsPrimitive<Field>,\n    Field: AsPrimitive<T>,\n{\n    AsPrimitive::as_(x.as_() + y.as_())\n}\n#[deprecated(\"wrapping operations should be done with the Wrapping traits. E.g: x.wrapping_sub(y)\")]\npub fn wrapping_sub<T>(x: T, y: T) -> T\nwhere\n    T: AsPrimitive<Field>,\n    Field: AsPrimitive<T>,\n{\n    //340282366920938463463374607431768211456 is 2^128, it is used to avoid underflow\n    AsPrimitive::as_(x.as_() + 340282366920938463463374607431768211456 - y.as_())\n}\n#[deprecated(\"wrapping operations should be done with the Wrapping traits. E.g: x.wrapping_mul(y)\")]\npub fn wrapping_mul<T>(x: T, y: T) -> T\nwhere\n    T: AsPrimitive<Field>,\n    Field: AsPrimitive<T>,\n{\n    AsPrimitive::as_(x.as_() * y.as_())\n}\n\n#[builtin(as_witness)]\npub fn as_witness(x: Field) {}\n\nmod tests {\n    use super::ops::arith::WrappingMul;\n\n    #[test(should_fail_with = \"custom message\")]\n    fn test_static_assert_custom_message() {\n        super::static_assert(1 == 2, \"custom message\");\n    }\n\n    #[test]\n    fn test_wrapping_mul() {\n        let zero: u128 = 0;\n        let one: u128 = 1;\n        let two_pow_64: u128 = 0x10000000000000000;\n        let u128_max: u128 = 0xffffffffffffffffffffffffffffffff;\n\n        // 1*0==0\n        assert_eq(zero, zero.wrapping_mul(one));\n\n        // 0*1==0\n        assert_eq(zero, one.wrapping_mul(zero));\n\n        // 1*1==1\n        assert_eq(one, one.wrapping_mul(one));\n\n        // 0 * ( 1 << 64 ) ==  0\n        assert_eq(zero, zero.wrapping_mul(two_pow_64));\n\n        // ( 1 << 64 ) * 0 == 0\n        assert_eq(zero, two_pow_64.wrapping_mul(zero));\n\n        // 1 * ( 1 << 64 ) == 1 << 64\n        assert_eq(two_pow_64, two_pow_64.wrapping_mul(one));\n\n        // ( 1 << 64 ) * 1 == 1 << 64\n        assert_eq(two_pow_64, one.wrapping_mul(two_pow_64));\n\n        // ( 1 << 64 ) * ( 1 << 64 ) == 1 << 64\n        assert_eq(zero, two_pow_64.wrapping_mul(two_pow_64));\n        // -1 * -1 == 1\n        assert_eq(one, u128_max.wrapping_mul(u128_max));\n    }\n}\n",
      "path": "std/lib.nr"
    },
    "50": {
      "source": "fn main() {\n    let _xs: Vec<Field> = Vec::new();\n    let _option: Option<Field> = Option::none();\n\n    print(\"42\\n\");\n    println(\"42\");\n}\n\nmod a {\n    // We don't want to give an error due to re-importing elements that are already in the prelude.\n    use std::collections::vec::Vec;\n    use std::option::Option;\n\n    fn main() {\n        let _xs = Vec::new();\n        let _option = Option::none();\n\n        print(\"42\\n\");\n        println(\"42\");\n    }\n}\n\nmod b {\n    fn main() {\n        let _xs = Vec::new();\n        let _option = Option::none();\n\n        print(\"42\\n\");\n        println(\"42\");\n    }\n}\n",
      "path": ""
    }
  },
  "names": [
    "main"
  ],
  "brillig_names": [
    "main"
  ]
}
