---
source: tooling/nargo_cli/tests/execute.rs
expression: artifact
---
{
  "noir_version": "[noir_version]",
  "hash": "[hash]",
  "abi": {
    "parameters": [
      {
        "name": "x",
        "type": {
          "kind": "field"
        },
        "visibility": "private"
      },
      {
        "name": "y",
        "type": {
          "kind": "field"
        },
        "visibility": "private"
      }
    ],
    "return_type": {
      "abi_type": {
        "kind": "field"
      },
      "visibility": "public"
    },
    "error_types": {
      "14225679739041873922": {
        "error_kind": "string",
        "string": "Index out of bounds"
      },
      "17843811134343075018": {
        "error_kind": "string",
        "string": "Stack too deep"
      }
    }
  },
  "bytecode": "H4sIAAAAAAAA/7VWS27CMBC1QwwxFaVqD9BdV13E+RCWLNreww3NOTh6sepRhodDVGGPFPkz4zdvnicBKf4sOz/Sz3O2h0YxBz+W95mJiFWm5Ckj8pSMZ3Y1YeT5PORv/aghxvkXEYvXkDcm/r5sOi0uLTL/WjPMBPgV4edp8MuVx/k4XeILyLvxa94/dIZ8vI8+va84P49inG8ZnrMvlpewNeBF7old4jszLxP8nT14Hd5BV/KLgA6J7r6WkE+AJgLyrxPrJiEf8UF9MtBOBbg+BXwS5iqQRwXyhLAyOJdP5HF+PbF/EFF0q7AeNcOL+CyZT8TjYxTwefWj6/sK+ND3h2sZumuKLwLxKxZD9W7F9Z0VcI5rg++qhP05TRXEv92oOftnzctAfHajZt5n/Czmnno/NgEcOue+X/Sbmp9Gf6x+7vbjn5iFxyft0XLm5/HGr9eMP435HTyHzpqhtoNt7fHY9PYZ8AXoFDt/3+6++6a15Y9xy2ou/y/JOlM+gQsAAA==",
  "debug_symbols": "pZPBjoMgEIbfhTMHHECrr9I0DVVsSAgaqptsjO++o6Ou3cQ92AufiN8/TsIMrLKP/nl3oW5erLgO7BGd9+55901pOtcEfDswMS1JygrgLMkIF0I+AwQhIQBBEhRBs0IhUkJGuBDyGVIQMEUjgCAJmJIiNCElZARMyRD5DCUImHIZR87WTu5dtHZqZNcaNtyaaEPHitB7z9mX8f380as1YWZnIp4KzmyokBhYO2+np5H/2uJYTUS2yAnoTdfvfnLsS5CLL0Ed+f/Vl3qtr+WRL499kLD4IE/5kG6+OuOrtX9Qp3yZbb7+7P//+DfcmdLFt2EZp6TozMPbZVv3odyddt/terIOWxub0lZ9tFPSbuJwvSrFVX7DScP7fNWCa7iNU+kf",
  "file_map": {
    "50": {
      "source": "fn main(x: Field, y: Field) -> pub Field {\n    // Safety: testing context\n    unsafe {\n        let notes = create_notes(x, y);\n        sum_x(notes, x, y)\n    }\n}\n\nfn sum_x(notes: [Field; 2], x: Field, y: Field) -> Field {\n    notes[x] + notes[y]\n}\n\nunconstrained fn create_notes(x: Field, y: Field) -> [Field; 2] {\n    [x, y]\n}\n",
      "path": ""
    }
  },
  "names": [
    "main"
  ],
  "brillig_names": [
    "main"
  ]
}
