---
source: tooling/nargo_cli/tests/execute.rs
expression: artifact
---
{
  "noir_version": "[noir_version]",
  "hash": "[hash]",
  "abi": {
    "parameters": [],
    "return_type": null,
    "error_types": {}
  },
  "bytecode": "H4sIAAAAAAAA/5XDsQkAAADCMAv+f7PuTgaCFm19Arunwj5IAAAA",
  "debug_symbols": "pZXbisIwEED/Jc8+ZNJcJvsryyKxRimEtsRWWMR/3yhOqguVZfYpTabn5DK5XMQ+7ubjtusPw0l8fF7ELncpdcdtGtowdUNfWi/XjaDqdsoxlibxFC/UGHLsJ/HRzyltxDmk+f7TaQz9vZxCLlG5EbHfl7IID12Kt6/rZqHlOqoVwVqriptXHtZ5VO7Bo0IOry3x2nF4R+NHBA5va//Imr8n3ktO/14Z4nXD4VETj36Nf5d/rPn3q7xf50FafAhAOuQYQCoyACieARYDaxagdTVowzLgYuCtJBhTDSg5BlUPMygNLINdDMgzoFkMlmUwzWJQjD1tgTaUhYbD10RYYzm888Sv5/EN7+pmdEZzeEl3sgPD4YGOtFu/0//GN/C/8bN46+k6cPJ1/b5KLbRd/v0Kn0Puwi7FR/Uw9+1TdPoeKUKv+JiHNu7nHG+me6y4fwA=",
  "file_map": {},
  "names": [
    "main"
  ],
  "brillig_names": []
}
