---
source: tooling/nargo_cli/tests/execute.rs
expression: artifact
---
{
  "noir_version": "[noir_version]",
  "hash": "[hash]",
  "abi": {
    "parameters": [
      {
        "name": "x",
        "type": {
          "kind": "array",
          "length": 3,
          "type": {
            "kind": "integer",
            "sign": "unsigned",
            "width": 32
          }
        },
        "visibility": "private"
      }
    ],
    "return_type": null,
    "error_types": {
      "5019202896831570965": {
        "error_kind": "string",
        "string": "attempt to add with overflow"
      },
      "12049594436772143978": {
        "error_kind": "string",
        "string": "array ref-count underflow detected"
      },
      "17843811134343075018": {
        "error_kind": "string",
        "string": "Stack too deep"
      }
    }
  },
  "bytecode": "H4sIAAAAAAAA/+1ZwW7TQBBdO7tuHVQ1ghsSNzhwi2unaW5FJKQHTpw4IZmUfAMnZAkuIHHjxIkfQOITielOMnmeXbuqt6hSV4rW8U7ezHudnR27kboa8eYT2Wtt54jNA7U/aO3czuObjaxHrHGoGKM7EGMcIMZ/YwB//Fi5B5H6Y+fUzjFbH/RIOgW/feKfjYtZKvDrMf48BU1D4Q/C4I8PLM6raoePXBSbyQ5/M2A2S2azdNhcMJsLsCHOgXLiNLCm+ZFq7jPiQr51GN9FBP4U8FTgf6iC5m8WgT+KB/Wh6yOyqXbxRLCmqyYPWjPVPo96HG4+j5kd5lbM7J6x6+f2OnA+zgLXkPEjD2e6d1Cp7djueXaPdCWdD7k9rKVsTVf7fob2u2Z+OBbFYcD+qf1+bOeE/YZ+PxL8J+B/L27hHuqSCvapYJ9sPk/s9QO1OzdfVju8EOfmPAz+CeEvwuDntUb1Hvti8Y5VMy+xZoY6A7FGUW6iz5j9zbGG8/pm4B51YzXfb8CP10BfXRwp9x4OfKZMqGYa1Ry0lgAvpfbPIM6RDx53rc93hot26JPnCvo34BN1pX15rJraGcBKWrDmgGU8cUlYPt/UnyUOe8IzYP/CzrWmvwGzTZsF8PHFJ+Uv56wdvhOHfQx8yH4p8Amc9zOMWQt6cf8Y82uIMwkT5/ghw1VKzjup/+J7CveDxM9XJ6W9hXXwDehhblEP4+Dg0mNe9afH3KHH2zukx+IaekQteixAD7J/B3oE2teiHvw5ArljHxKoT+/87Eb+hxBrz/FkvhrPY4xBOy3EOlLNPOO9sSsHteDntrDu+6pu54ivr5L2WNc+ZA5Yvj5EwvL5Jl6Jw57wDNh/tLPUV7VpgzXUF5+055Cz5Dtx2GNfRfafBD4h33dsxmmXc5P7x5g/Q5z/49zkz/i66t//9OzqubQe9H7FqOY+5/4N2H+134cCD32DONfTMlvn5bqclJeXxapEneoRM5369l9O87PVSbGavp/kZX7a6p+/Z6C84jpetx8edMCSaqJvr0r4mPc/7Ny19nA+88rNR3fA8vExLXxcz0c/PXx89bweCw8frJNRz3wiB59fAp8u/wsIVL8695Pbd61KzsXzfuLJup772E8mQqwjYQ33pfSuJRH8SFi6R6wI+HDtQ9bJYlJOV+U0y2ZF9qHIJm118i8YbShGUSAAAA==",
  "debug_symbols": "pZfRbqswDIbfheteJHYSJ3uVaZpYxyYkRCvWHulo6rsfG8ftziSqCm72fYz6Jwkmgu/mvXs7f77248fhq3l6/m7epn4Y+s/X4bBvT/1h5P9+N07+BGie/K4JqAiKqEgKUmRFmRG5GhleAQpUBEVUJAWnBEZWcErcNckpOCUxQIGKoOAUYiQFp2RGVpQZ5BScUhigQEVQRIXMiEdPVClzAmZRZlfpK2V1ePAZK2V9ePg5VqZKqpQ8nlAuyiJ5PIniK6ESKyWPh15iZaqkylxZlN45E28CJmgSTCS1iCQTMskmpYp3Jt6Ek8GJoAkngxeJJpwMIEIm2aRUAU4GFPEmkhxE0CSYRBNJjiJkkk1KFXRVpIshiaCJBJJINEkmZCKBslDS07NIV4PMXfpaBUzQRLpbVmPu71mkw2U1pMdVskmpIp2u4k3ABE2CSTSx5GTJyZKTJdOcfLnsGnu6X09T18nD/eNx503g2E7deGqexvMw7Jo/7XCef/R1bMeZp3biszyhbnxncuBHP3Ril92t2i2X+kK12Jd8LY+P1+d4rS9L9bBcj6XU+uBoRX2QR1zr/ap6sMULELZdf1092PoHbohN11+uf+j+gQsr6sFf63Fx/f2dgBRCDUghbwyIuCog2S1I5LcGpFUBxZowlbA1oKwJoGsbUXCLAbQcEMH6IOK6gHANuHMb7wVE20liWheQkgWQ2ziClQGE1wDaOgLa2gdxxXaAzupxeTt/rN6v2c7Q3+ppWz2suj7c6mlb/a/t/IWP2n0//fc9cJGkqW/fhq4efpzH/Y+zp79HO2PfE8fpsO/ez1MnSbePCn6heea3MEwv8obJBx5h55Hk0Msh96an+HKRofwD",
  "file_map": {
    "50": {
      "source": "// Tests a very simple program.\n//\n// The features being tested is brillig calls passing arrays around\nfn main(x: [u32; 3]) {\n    // Safety: testing context\n    unsafe {\n        assert(entry_point(x) == 9);\n        another_entry_point(x);\n    }\n}\n\nunconstrained fn inner(x: [u32; 3]) -> [u32; 3] {\n    [x[0] + 1, x[1] + 1, x[2] + 1]\n}\n\nunconstrained fn entry_point(x: [u32; 3]) -> u32 {\n    let y = inner(x);\n    y[0] + y[1] + y[2]\n}\n\nunconstrained fn nested_fn_that_allocates(value: u32) -> u32 {\n    let x = [value, value, value];\n    let y = inner(x);\n    y[0] + y[1] + y[2]\n}\n\nunconstrained fn another_entry_point(x: [u32; 3]) {\n    assert(x[0] == 1);\n    assert(x[1] == 2);\n    assert(x[2] == 3);\n    assert(nested_fn_that_allocates(1) == 6);\n    // x should be unchanged\n    assert(x[0] == 1);\n    assert(x[1] == 2);\n    assert(x[2] == 3);\n}\n",
      "path": ""
    }
  },
  "names": [
    "main"
  ],
  "brillig_names": [
    "main"
  ]
}
