---
source: tooling/nargo_cli/tests/execute.rs
expression: artifact
---
{
  "noir_version": "[noir_version]",
  "hash": "[hash]",
  "abi": {
    "parameters": [
      {
        "name": "x",
        "type": {
          "kind": "field"
        },
        "visibility": "private"
      }
    ],
    "return_type": null,
    "error_types": {
      "17843811134343075018": {
        "error_kind": "string",
        "string": "Stack too deep"
      }
    }
  },
  "bytecode": [
    "func 0",
    "current witness index : _0",
    "private parameters indices : [_0]",
    "public parameters indices : []",
    "return value indices : []",
    "BRILLIG CALL func 0: inputs: [Single(Expression { mul_terms: [], linear_combinations: [(1, Witness(0))], q_c: 0 })], outputs: []",
    "unconstrained func 0",
    "[Const { destination: Direct(2), bit_size: Integer(U32), value: 1 }, Const { destination: Direct(1), bit_size: Integer(U32), value: 32837 }, Const { destination: Direct(0), bit_size: Integer(U32), value: 3 }, Const { destination: Relative(2), bit_size: Integer(U32), value: 1 }, Const { destination: Relative(3), bit_size: Integer(U32), value: 0 }, CalldataCopy { destination_address: Direct(32836), size_address: Relative(2), offset_address: Relative(3) }, Mov { destination: Relative(1), source: Direct(32836) }, Call { location: 12 }, Call { location: 13 }, Const { destination: Relative(1), bit_size: Integer(U32), value: 32837 }, Const { destination: Relative(2), bit_size: Integer(U32), value: 0 }, Stop { return_data: HeapVector { pointer: Relative(1), size: Relative(2) } }, Return, Call { location: 50 }, Mov { destination: Relative(2), source: Direct(1) }, BinaryIntOp { destination: Direct(1), op: Add, bit_size: U32, lhs: Direct(1), rhs: Direct(2) }, Store { destination_pointer: Relative(2), source: Relative(1) }, Const { destination: Relative(1), bit_size: Field, value: 1 }, Const { destination: Relative(3), bit_size: Integer(U32), value: 4 }, Mov { destination: Relative(4), source: Direct(0) }, Mov { destination: Relative(5), source: Relative(1) }, Mov { destination: Relative(6), source: Relative(2) }, BinaryIntOp { destination: Direct(0), op: Add, bit_size: U32, lhs: Direct(0), rhs: Relative(3) }, Call { location: 56 }, Mov { destination: Direct(0), source: Relative(0) }, Load { destination: Relative(3), source_pointer: Relative(2) }, BinaryFieldOp { destination: Relative(4), op: Equals, lhs: Relative(3), rhs: Relative(1) }, JumpIf { condition: Relative(4), location: 30 }, Const { destination: Relative(5), bit_size: Integer(U32), value: 0 }, Trap { revert_data: HeapVector { pointer: Direct(1), size: Relative(5) } }, Const { destination: Relative(1), bit_size: Field, value: 2 }, Const { destination: Relative(3), bit_size: Integer(U32), value: 4 }, Mov { destination: Relative(4), source: Direct(0) }, Mov { destination: Relative(5), source: Relative(1) }, Mov { destination: Relative(6), source: Relative(2) }, BinaryIntOp { destination: Direct(0), op: Add, bit_size: U32, lhs: Direct(0), rhs: Relative(3) }, Call { location: 61 }, Mov { destination: Direct(0), source: Relative(0) }, Load { destination: Relative(1), source_pointer: Relative(2) }, Const { destination: Relative(2), bit_size: Field, value: 3 }, BinaryFieldOp { destination: Relative(3), op: Equals, lhs: Relative(1), rhs: Relative(2) }, JumpIf { condition: Relative(3), location: 44 }, Const { destination: Relative(4), bit_size: Integer(U32), value: 0 }, Trap { revert_data: HeapVector { pointer: Direct(1), size: Relative(4) } }, Const { destination: Relative(1), bit_size: Integer(U32), value: 2 }, Mov { destination: Relative(2), source: Direct(0) }, BinaryIntOp { destination: Direct(0), op: Add, bit_size: U32, lhs: Direct(0), rhs: Relative(1) }, Call { location: 66 }, Mov { destination: Direct(0), source: Relative(0) }, Return, Const { destination: Direct(32772), bit_size: Integer(U32), value: 30720 }, BinaryIntOp { destination: Direct(32771), op: LessThan, bit_size: U32, lhs: Direct(0), rhs: Direct(32772) }, JumpIf { condition: Direct(32771), location: 55 }, IndirectConst { destination_pointer: Direct(1), bit_size: Integer(U64), value: 17843811134343075018 }, Trap { revert_data: HeapVector { pointer: Direct(1), size: Direct(2) } }, Return, Call { location: 50 }, Load { destination: Relative(3), source_pointer: Relative(2) }, BinaryFieldOp { destination: Relative(4), op: Add, lhs: Relative(3), rhs: Relative(1) }, Store { destination_pointer: Relative(2), source: Relative(4) }, Return, Call { location: 50 }, Load { destination: Relative(3), source_pointer: Relative(2) }, BinaryFieldOp { destination: Relative(4), op: Add, lhs: Relative(3), rhs: Relative(1) }, Store { destination_pointer: Relative(2), source: Relative(4) }, Return, Call { location: 50 }, Mov { destination: Relative(1), source: Direct(1) }, BinaryIntOp { destination: Direct(1), op: Add, bit_size: U32, lhs: Direct(1), rhs: Direct(2) }, Const { destination: Relative(2), bit_size: Field, value: 42 }, Store { destination_pointer: Relative(1), source: Relative(2) }, Const { destination: Relative(2), bit_size: Field, value: 44 }, Const { destination: Relative(3), bit_size: Integer(U32), value: 4 }, Mov { destination: Relative(4), source: Direct(0) }, Mov { destination: Relative(5), source: Relative(1) }, Mov { destination: Relative(6), source: Relative(2) }, BinaryIntOp { destination: Direct(0), op: Add, bit_size: U32, lhs: Direct(0), rhs: Relative(3) }, Call { location: 97 }, Mov { destination: Direct(0), source: Relative(0) }, Load { destination: Relative(3), source_pointer: Relative(1) }, BinaryFieldOp { destination: Relative(4), op: Equals, lhs: Relative(3), rhs: Relative(2) }, JumpIf { condition: Relative(4), location: 84 }, Const { destination: Relative(5), bit_size: Integer(U32), value: 0 }, Trap { revert_data: HeapVector { pointer: Direct(1), size: Relative(5) } }, Const { destination: Relative(3), bit_size: Integer(U32), value: 4 }, Mov { destination: Relative(4), source: Direct(0) }, Mov { destination: Relative(5), source: Relative(1) }, Mov { destination: Relative(6), source: Relative(2) }, BinaryIntOp { destination: Direct(0), op: Add, bit_size: U32, lhs: Direct(0), rhs: Relative(3) }, Call { location: 97 }, Mov { destination: Direct(0), source: Relative(0) }, Load { destination: Relative(3), source_pointer: Relative(1) }, BinaryFieldOp { destination: Relative(1), op: Equals, lhs: Relative(3), rhs: Relative(2) }, JumpIf { condition: Relative(1), location: 96 }, Const { destination: Relative(4), bit_size: Integer(U32), value: 0 }, Trap { revert_data: HeapVector { pointer: Direct(1), size: Relative(4) } }, Return, Call { location: 50 }, Store { destination_pointer: Relative(1), source: Relative(2) }, Return]"
  ],
  "debug_symbols": "pdXNboMwDAfwd8mZQ+LE+eBVpqmiLZ2QEK0YTJoq3n0OdrruMGnKLvya0r8bJ0Hc1bk/rm+HYbpc31X7clfHeRjH4e0wXk/dMlwn+vaudL6YoFrTKBOZtAOaMQwwlnEMqhYIr1pLBCYyacdSFUcYBhjLOAYZzwSGqiBBVXyjnGYMA4xlqEogkPFMYOIO0igSNEpE2vG5I03mlqgZ78S8GNSVj2JigxbzglBnAUQrOhFFLwYxirkedRhzPWoxGhFEK+Z61F9E0YtBjGJikxZzPWo65XrUdbKiE1HM+bRtjSoH4rDMfZ/Pw9MJoXNz6+Z+WlQ7rePYqI9uXPcfvd+6aXfpZrpLK9lPZ5IKXoaxz5+25jutf48aBxI26B5x/Hveh5L38X/5YGvy0ZR8qsmD9pIHHf6XN1CTh7J5YGvyPkrcp5p0WfyANWsPWNYefFXelXxV7xbK3luo2Xsby+LZVHN2nSnPjjOuKl/m70DX5KFsn7NV88fH/KuefYeP+fua+Vss+2/x5/l7pVF3GuYf78stV5qH7jj2Mrys0+np7vJ5K3fK+/Y2X0/9eZ37XOnppUvXF9QN4uuW/+0L",
  "file_map": {
    "50": {
      "source": "fn main(mut x: Field) {\n    let one = 1;\n    let add1 = |z| { *z = *z + one; };\n\n    let two = 2;\n    let add2 = |z| { *z = *z + two; };\n\n    add1(&mut x);\n    assert(x == 1);\n\n    add2(&mut x);\n    assert(x == 3);\n\n    issue_2120();\n}\n// https://github.com/noir-lang/noir/issues/2120\nfn issue_2120() {\n    let x1 = &mut 42;\n    let set_x1 = |y| { *x1 = y; };\n\n    assert(*x1 == 42);\n    set_x1(44);\n    assert(*x1 == 44);\n    set_x1(*x1);\n    assert(*x1 == 44);\n}\n",
      "path": ""
    }
  },
  "names": [
    "main"
  ],
  "brillig_names": [
    "main"
  ]
}
