---
source: tooling/nargo_cli/tests/execute.rs
expression: artifact
---
{
  "noir_version": "[noir_version]",
  "hash": "[hash]",
  "abi": {
    "parameters": [
      {
        "name": "array",
        "type": {
          "kind": "array",
          "length": 2,
          "type": {
            "kind": "field"
          }
        },
        "visibility": "private"
      },
      {
        "name": "i",
        "type": {
          "kind": "integer",
          "sign": "unsigned",
          "width": 32
        },
        "visibility": "private"
      }
    ],
    "return_type": null,
    "error_types": {
      "2920182694213909827": {
        "error_kind": "string",
        "string": "attempt to subtract with overflow"
      },
      "12049594436772143978": {
        "error_kind": "string",
        "string": "array ref-count underflow detected"
      },
      "14225679739041873922": {
        "error_kind": "string",
        "string": "Index out of bounds"
      },
      "17843811134343075018": {
        "error_kind": "string",
        "string": "Stack too deep"
      }
    }
  },
  "bytecode": "H4sIAAAAAAAA/81ZO4/TQBBeJ15fHHNKBBUSHVDROHFyCaKJBKLnJzgJKajoaSxR0UIDEhIFoqFDAomfRza3Q758nvjuOO+JlaLZx+zMN499eBOZ89LZ/iJfj6HP+H6pG+hzZeFpfr0yalFWHgpjFABjCJydQDhNl0BzUmhG/fY09RSTqtui0SnpbVP+PJ/MUsW+FvEXKcgMKT8OIz8/8XKeVYfyDemVvufV3pfPaY5gDRTLSWBfjE/JfgO2iG4bRncRkT5DcTCkv2+C5t0oIn2Ch/0j+8Kp8FR7PBGNxVXdDhmzMCbx7W1/d4FPyy0cw31NctPJeADyHvp64FydpYSp7XV7R8GPulw5qfb+EF91oU98LjHoIT+NpTAWV4d6+r4dgx6UJTgs8d/37YGnCcyR+UNFf0L6D3ArfeyXVOFPFf5k+7vn65n/uRz6IHPMzaxB3u+0vJI6rq3E1NcszrXE/8hTZ+MnsjHQvjcWzAlg6ip2W8JzAmOmRZ9bwpODTz6Tn3tmX7rmcD0acxijyOzvUsjfAx6xd0AYcC6fgS3aPjWEySo4YhoT3jnhw3tdm/vebZBrFF3HcgljYY/Y98RTLdbCY8zlYn2i8KMfhX9g6utL5qaK7oWn+fVKybqsgiOhMeF9Svgwh0PHuke6bfu+GTfdZSTX4iqIzYWz74uXdWrq8beEqSnPXOG81PYs3EuFf2jqsRVfD0z97pGAf1hmmznBdsRH7IjAfrYDfcD72AtPXfsXyYsU32l7wNDU1zvehXke5lbA9XTpbwzR3zf1OIe431z2HBXfpQrWoTLG/tfO31TR0yRrYOox4twPdfaJHX0vL1bsQGwd4se6K5b6lp5qua/FqNfgu0TBw/hRVkI+c0XzNc7FtjXH71Ns5ytPJV4Z6V74dn7Nop1fWYNtnEf9QLgiwoJ5hDo5jzLFDvSv9L32NHQeXfX+nTXoxrNPu39z3JrOvlD3oaa4sW/E/qvE7Y2noc6+pjg0rX9t/TCvVXh5/QvvW0//h/XflEeB3hX+5pH4B/OI3xJc6RA/1tG/0vfO09B5FCuymu6+Wt6hTbz+m/KO31CQl78vhfe9p6Hf9LW8E12ZCfsNM5uf59fOx9XeD/hmbEi/Jf6Pvo1nEdqx+Eecm1k52hTlppyW6/VkVbKfXOmAn9rWP57Pzx6Pl9vX4fVqs54UN61/NT1bribTMn852sG5SL/2LovfxK7I2y6+/SI/rhPk/yq82983X+f/AlCf4/vZwBcdoTsZSl9cHfZpb8L4Vi78ortf1THKWAZjlvTc8m30F8oSHJb4f/i2xATft2X+UNHfI/0HuJU+fivPFP5M4Xfx+S7yPEXb2/5u3Okk+djH2CR3QqyrclbMV+PJaracFmVxduG+8ge9a8rFvSEAAA==",
  "debug_symbols": "pZbLbuJAEEX/xWsv+lX9yK9ECBkwkSXLIAdGGiH+fap8u0iyGCmyN5zT2PcabEr0ozn1h/vHfpjOl8/m7f3RHOZhHIeP/Xg5drfhMvG7j8bIi8/Nm20bXxYEA1jAAR4IAAERSAC3OEZZQAbgFs9wgAcCQAC3BEYCMsAt1DbRABbglsjwQAAIiAC3JEYGyoJkAAs4wAMB4JbMiEACMlAWZANYwAHcUhgBICACCchAWVAMYAG5u4bpK0MlVcbKVJkrC2iNPCwrYlWk0ol4laBCKlLrRZJKVilVrFGxKk7Fq0hzECGVqJJUskqp4oyKVXEqXkWbnTSTSFSR5iiSVUoVb1SkOYk4Fa8SVEglqiSVrCLN/JjtMhSLWBVpLiJeJahIc3k+20ZnbX+b+15G7dvw8Uheu7mfbs3bdB/HtvnTjfflpM9rNy28dTMf5efcTycmF56HsRd7tl9p8/9otDUb4ytMv04TaTptSSezIl18TZewIp2TpmlTuqxI81DVOI/FmnzQB84/pFX51/XJrcmn1/VT2ZbPG6+f13x/Z1zNO2vX5H3QfPAb83Fjfs39dzFqPtHGfN6Wzz/v/45X3XGYf2xBntI0D91h7OvyfJ+O347e/l71iG5hrvPl2J/ucy9NX/sYfnm3VFqbzY63M7xy1Hrayd+aHOLB4JGQpV3O9Lyk3VM+2D8=",
  "file_map": {
    "50": {
      "source": "fn main(mut array: [Field; 2], i: u32) {\n    assert_eq(array[i - 1], 5);\n    assert_eq(array[i], 10);\n\n    array[i] = 2;\n\n    let array2 = [array, array];\n\n    assert_eq(array2[0][0], 5);\n    assert_eq(array2[0][i], 2);\n    assert_eq(array2[i][0], 5);\n    assert_eq(array2[i][i], 2);\n}\n",
      "path": ""
    }
  },
  "names": [
    "main"
  ],
  "brillig_names": [
    "main"
  ]
}
