---
source: tooling/nargo_cli/tests/execute.rs
assertion_line: 512
expression: artifact
---
{
  "noir_version": "[noir_version]",
  "hash": "[hash]",
  "abi": {
    "parameters": [
      {
        "name": "predicate",
        "type": {
          "kind": "boolean"
        },
        "visibility": "private"
      }
    ],
    "return_type": null,
    "error_types": {
      "12049594436772143978": {
        "error_kind": "string",
        "string": "array ref-count underflow detected"
      },
      "17843811134343075018": {
        "error_kind": "string",
        "string": "Stack too deep"
      }
    }
  },
  "bytecode": [
    "func 0",
    "current witness index : _0",
    "private parameters indices : [_0]",
    "public parameters indices : []",
    "return value indices : []",
    "BRILLIG CALL func 0: inputs: [EXPR [ (1, _0) 0 ]], outputs: []",
    "unconstrained func 0",
    "[Const { destination: Direct(2), bit_size: Integer(U32), value: 1 }, Const { destination: Direct(1), bit_size: Integer(U32), value: 32837 }, Const { destination: Direct(0), bit_size: Integer(U32), value: 3 }, Const { destination: Relative(2), bit_size: Integer(U32), value: 1 }, Const { destination: Relative(3), bit_size: Integer(U32), value: 0 }, CalldataCopy { destination_address: Direct(32836), size_address: Relative(2), offset_address: Relative(3) }, Cast { destination: Direct(32836), source: Direct(32836), bit_size: Integer(U1) }, Mov { destination: Relative(1), source: Direct(32836) }, Call { location: 13 }, Call { location: 14 }, Const { destination: Relative(1), bit_size: Integer(U32), value: 32837 }, Const { destination: Relative(2), bit_size: Integer(U32), value: 0 }, Stop { return_data: HeapVector { pointer: Relative(1), size: Relative(2) } }, Return, Call { location: 51 }, Mov { destination: Relative(3), source: Direct(1) }, BinaryIntOp { destination: Direct(1), op: Add, bit_size: U32, lhs: Direct(1), rhs: Direct(2) }, Const { destination: Relative(4), bit_size: Field, value: 0 }, Store { destination_pointer: Relative(3), source: Relative(4) }, Mov { destination: Relative(4), source: Direct(1) }, Const { destination: Relative(5), bit_size: Integer(U32), value: 2 }, BinaryIntOp { destination: Direct(1), op: Add, bit_size: U32, lhs: Direct(1), rhs: Relative(5) }, IndirectConst { destination_pointer: Relative(4), bit_size: Integer(U32), value: 1 }, BinaryIntOp { destination: Relative(5), op: Add, bit_size: U32, lhs: Relative(4), rhs: Direct(2) }, Mov { destination: Relative(6), source: Relative(5) }, Store { destination_pointer: Relative(6), source: Relative(3) }, JumpIf { condition: Relative(1), location: 30 }, Jump { location: 28 }, Mov { destination: Relative(2), source: Relative(4) }, Jump { location: 40 }, Load { destination: Relative(1), source_pointer: Relative(4) }, Const { destination: Relative(3), bit_size: Integer(U32), value: 0 }, BinaryIntOp { destination: Relative(5), op: Equals, bit_size: U32, lhs: Relative(3), rhs: Relative(1) }, Not { destination: Relative(5), source: Relative(5), bit_size: U1 }, JumpIf { condition: Relative(5), location: 36 }, Call { location: 57 }, BinaryIntOp { destination: Relative(1), op: Add, bit_size: U32, lhs: Relative(1), rhs: Direct(2) }, Store { destination_pointer: Relative(4), source: Relative(1) }, Mov { destination: Relative(2), source: Relative(4) }, Jump { location: 40 }, Const { destination: Relative(1), bit_size: Integer(U32), value: 1 }, BinaryIntOp { destination: Relative(4), op: Add, bit_size: U32, lhs: Relative(2), rhs: Relative(1) }, Load { destination: Relative(3), source_pointer: Relative(4) }, Const { destination: Relative(1), bit_size: Field, value: 9 }, Store { destination_pointer: Relative(3), source: Relative(1) }, Load { destination: Relative(2), source_pointer: Relative(3) }, BinaryFieldOp { destination: Relative(3), op: Equals, lhs: Relative(2), rhs: Relative(1) }, JumpIf { condition: Relative(3), location: 50 }, Const { destination: Relative(4), bit_size: Integer(U32), value: 0 }, Trap { revert_data: HeapVector { pointer: Direct(1), size: Relative(4) } }, Return, Const { destination: Direct(32772), bit_size: Integer(U32), value: 30720 }, BinaryIntOp { destination: Direct(32771), op: LessThan, bit_size: U32, lhs: Direct(0), rhs: Direct(32772) }, JumpIf { condition: Direct(32771), location: 56 }, IndirectConst { destination_pointer: Direct(1), bit_size: Integer(U64), value: 17843811134343075018 }, Trap { revert_data: HeapVector { pointer: Direct(1), size: Direct(2) } }, Return, IndirectConst { destination_pointer: Direct(1), bit_size: Integer(U64), value: 12049594436772143978 }, Trap { revert_data: HeapVector { pointer: Direct(1), size: Direct(2) } }, Return]"
  ],
  "debug_symbols": "ndPLioMwFIDhd8k6C09utr5KKSXVWAIhSqoDg/juc+JRxy4GBjd+TeMfmxIn1rjn+Hr42HZvVt0m9kw+BP96hK62g+8ifjuxIl9Aswo4A0OUxIW4skpwJgoCCEFIQhF6QeKdEgFCEJJQhCYMUS4o7BQChCAkoQjsNIKdQUriQuDvNPPM2ba9x5Ccy7s77Bf/hd4mFwdWxTEEzr5sGJeb3r2Ni4NNOFtw5mKD4oKtDy5/mvlvXfydGlhbI/ZY/7sGEGsOYE70V7PlRXHm8WLvpTrTa731Rp7q1d5/bv+OI1v79HF857xS8vYZ3Dpsx1gfZofvfpvZjn+futo1Y3J5pcM7gNebBq7NHQ895EHJ9fU+50f/AA==",
  "file_map": {
    "50": {
      "source": "unconstrained fn main(predicate: bool) {\n    let num1 = &mut 0;\n    let array = if predicate { [num1] } else { [num1] };\n    *array[0] = 9;\n    assert_eq(*array[0], 9);\n}\n",
      "path": ""
    }
  },
  "names": [
    "main"
  ],
  "brillig_names": [
    "main"
  ]
}
