---
source: tooling/nargo_cli/tests/execute.rs
expression: artifact
---
{
  "noir_version": "[noir_version]",
  "hash": "[hash]",
  "abi": {
    "parameters": [
      {
        "name": "x",
        "type": {
          "kind": "field"
        },
        "visibility": "private"
      },
      {
        "name": "y",
        "type": {
          "kind": "field"
        },
        "visibility": "public"
      }
    ],
    "return_type": null,
    "error_types": {
      "17843811134343075018": {
        "error_kind": "string",
        "string": "Stack too deep"
      }
    }
  },
  "bytecode": "H4sIAAAAAAAA/71UwU7DMAx9oa0gTMAEZ7jAiVPGCtuxB/Yh0aZ+Rz99i2ZvrptctmRPqpzI6fOzHcfgCENfQE32DlPwmY6suw6LjFyupE5TSOdJqFwbpAv/TdZi3KTgrzImbCOacvGvXftnI/ll1L+0grMA/w/z12X43T3x/A9jfqi4TxgPr/yHfXKQN+R7ID+vn2ltFV+JvktNuev2FtHPsWaU64eqXSXqYxIWGNefwdxzTHtkblDTA1rOo8YU7GtUbCD+zlRqL3WH2n0JXn2O8ZLIF5F9g3S/GnX2nWzp2XsVvFCxZji/vfWQP/5q7RzHrYZzHXRfZPxGnf+k/WMij+5Cnf3KL/ql7/2v3+3ardd1CkjNGt8JOfd6PmSO3YUaFbzMGyK2fn8C5pjeRdn3PYppcdotCQAA",
  "debug_symbols": "pZJNjoQgEEbvUmsW/Ii2XqXTMajYISFoaJ1kYrz7FKCjvZhkYm94lsUrvkUt0OlmftbG9cMLqvsCjTfWmmdth1ZNZnD4dwEaDiahYgRYnlAk3KDiiDKC0wSWwBNEQgaVQOCUDJEnFAm3CIGVRGCVI8qIDGfm60pgT1RPXusQ6BQRg4/KazdB5WZrCXwpO8dLr1G5yEl57FIC2nVIHNgbq8PXSg6b/q2W2eaW8leW/7YZFZvOGL3ic7n7PP/MF+KKz478xeHzCz6Xb/4DK9Ua/7Zya5jkjWqs3sp+du2pO32Pe2df2dEPre5mr8Ok097ieReUCPlYw2s/",
  "file_map": {
    "50": {
      "source": "use crate1::MyTrait;\n\nfn main(x: Field, y: pub Field) {\n    let mut V = crate2::MyStruct { Q: x };\n    V.Add10();\n    assert(V.Q == y);\n}\n",
      "path": ""
    },
    "52": {
      "source": "pub struct MyStruct {\n    pub Q: Field,\n}\n\nimpl crate1::MyTrait for MyStruct {\n    fn Add10(&mut self) {\n        self.Q += 10;\n    }\n}\n",
      "path": ""
    }
  },
  "names": [
    "main"
  ],
  "brillig_names": [
    "main"
  ]
}
