---
source: tooling/nargo_cli/tests/execute.rs
expression: artifact
---
{
  "noir_version": "[noir_version]",
  "hash": "[hash]",
  "abi": {
    "parameters": [
      {
        "name": "pair",
        "type": {
          "kind": "tuple",
          "fields": [
            {
              "kind": "field"
            },
            {
              "kind": "field"
            }
          ]
        },
        "visibility": "private"
      },
      {
        "name": "x",
        "type": {
          "kind": "array",
          "length": 2,
          "type": {
            "kind": "tuple",
            "fields": [
              {
                "kind": "integer",
                "sign": "unsigned",
                "width": 8
              },
              {
                "kind": "integer",
                "sign": "unsigned",
                "width": 8
              },
              {
                "kind": "integer",
                "sign": "unsigned",
                "width": 8
              }
            ]
          }
        },
        "visibility": "private"
      },
      {
        "name": "struct_pair",
        "type": {
          "kind": "tuple",
          "fields": [
            {
              "kind": "struct",
              "path": "Foo",
              "fields": [
                {
                  "name": "a",
                  "type": {
                    "kind": "field"
                  }
                },
                {
                  "name": "b",
                  "type": {
                    "kind": "array",
                    "length": 3,
                    "type": {
                      "kind": "field"
                    }
                  }
                },
                {
                  "name": "bar",
                  "type": {
                    "kind": "struct",
                    "path": "Bar",
                    "fields": [
                      {
                        "name": "inner",
                        "type": {
                          "kind": "array",
                          "length": 3,
                          "type": {
                            "kind": "field"
                          }
                        }
                      }
                    ]
                  }
                }
              ]
            },
            {
              "kind": "struct",
              "path": "Bar",
              "fields": [
                {
                  "name": "inner",
                  "type": {
                    "kind": "array",
                    "length": 3,
                    "type": {
                      "kind": "field"
                    }
                  }
                }
              ]
            }
          ]
        },
        "visibility": "private"
      }
    ],
    "return_type": {
      "abi_type": {
        "kind": "tuple",
        "fields": [
          {
            "kind": "field"
          },
          {
            "kind": "integer",
            "sign": "unsigned",
            "width": 8
          }
        ]
      },
      "visibility": "public"
    },
    "error_types": {
      "5019202896831570965": {
        "error_kind": "string",
        "string": "attempt to add with overflow"
      },
      "12049594436772143978": {
        "error_kind": "string",
        "string": "array ref-count underflow detected"
      },
      "17843811134343075018": {
        "error_kind": "string",
        "string": "Stack too deep"
      }
    }
  },
  "bytecode": "H4sIAAAAAAAA/+1bvW7jRhBeUiQlypZF23WKAEFqyfqzOwO5u8T3l6QJkHQ6OwZS5RVYp8p75DVSpUiRJkWqtClTpAzOe96RPn0c0ja8ezIPXsBYijM78+3M7MwuSUfmuh1e/UXuOnF911Sb8Jy6fnS/NvYoaxQSZ+QRp5WVBbZrHMCuvjF2WoAxaQHGtAUYsxZg7Jp25KKe8ZuLOmaz+cabt8D3/RZg3GmZ33dbYNNBCzDutczvwxbYtGgBxn2PGGPw94HrD/mGTCJ2QWI3P3ZzYYu3LY628NhkbpOlTUZ2gdsFZAPUOt0adR9kxSD/kHTYNncXOfFLkJ56MmROen3KPx7N3uRms3nGP8mdzF4Q+eMjkZ+HwT+Sg+Tn5Vo+zkX0SmI6K9e2PIMxmLyeA8/zGp4XwPOihucl8Lys4XkFPK9qeF4Dz2viGcC1NLGF0HCBfuFoOenwG7fTk8B+n8vcejA3sYHo7ofRvYhInyE7GtLfNyHX2PUDBNQneNg+EgcD4Sk38SAtKavzEFoKNPGv1fMM+Di2ekSTB0G2fenkid9S499OV7l0FDgmJ1uMyemHGJMp0ZKyOo+7xiTGluAQ32QBbHEVd5PHuGtX3GVES8rqPO4adxhbHHfdALa4irv5Y9y1K+66REvK6jzuGncYWz3g+xquvyHZ35brMRHRvgOazCXsXnK22ksmAeRftaNDBT/qsq1bmlUTvg7cE3+InXrIT7QcaEm5qafvfiegB2UJjpT4v3K/h67PYIyMLxT9GenfwK3cw3M0y+oo94Tf5r8zd23P9xKzn5VreT7PhSL/Ccg3/uSvzv1Pw+BfyX8WRv7E+sCu/b4zjOQLfN4Q1fTGVHOtbZwPMPdH/rCPClOta/0G3T5zhcjfCTO3scjfDSN/hX8QRr66J5A1bnPAkvRKzKSmWi/Rjynx/23WMi/Mpu9R96knvwienPBgnegRTXh/IHyBYnN0AHLZfkMFb0q4Qj2j472R1DbWKdhixU64r0rp3o+ut/YvovUYlGlAJ96TeCrIJsiXK+NO/djmiGPCo+wJ5yp/ssdTWee7IJv3/phjtrH3F/19U82pIfb+A8LD9sG9v6XtKVgLhYZrFmmoZ0/Ro8nqe5QlcRU4r10MTNW+0jRbpkQbAg1jgJv28lLmZHPLIeyVmI/xoM8EG9eMn1wf8rmnbVpdEF1aXcjeE66muqDl4bvWhZ9d76MuZAqecHVhPg1XF+azcHVhPn+sC6v2WBfMw6oLGdEeal34xfUh30vYptUFzv0BctuC5+VR9nHAvHkiPsS8ybktUC65dW4T/X3CGiq37RIetg/ntoGCtVBonNu0HDpQ9GiyMo+y+DlToLV5rtVRaZotu0TT8vFtc5vM6T65bfWegmi/un6bua1j9LhAHB1Tvy+uk8HvJ3ivmSjjbJPnY2yr311veX8Dfs7LjJ+/tYiVcdo3GhHo+8OTvqhBX3JPffJbzgqpqZ9vSrx/un6bcViHUfMJx8ZfhH8bZ0dtjTD2jqn6Tzt7aXPGfM33ua7ECoYdGCf02OjvZfE9i/0bNmA0phrjhcI/VPDKeRvzc0E0HJfX6EngHsqSsSnx/+N6iZd9GBM6XvZpDtrZIoZ7T8tN/n2Fv8kXBwo/YhD9Q7IRjtWwcmxwbUU9WQ0/7/mF/1/X25icRLpM9HlxC5n/uT5X5hba5012ZJ/baz5/auupyedajGg2Giq6m+JT8+FuDdbb+lz4/3e95nNtnce3kBk7OQ9hneOa1uzC7yD3brBjTHNe8UdVO2rviOMGfFpNkDzE7zRxLL7TFF1JuebzZfPF8fXz0ndYy7UdeP+O+lPiHzoBuNakv88/o14uluPLyfJyOVteXEzPlxwbBuy1E0D/cjE5Pj+ani/ezCbLyfxG/dp3D7zf1Pp3tmyQXSiynpTXveQd3KeJjNB7UNElZ0TtHILYYuLHa2PW60/ufQTrj5+zp2bTdnyPbRcpePjsYBt+U/BxjU78pgDHyl6PzwSfRmuZn7jroYJL/LtjdL/yswu0He+HjanmpZ7Cz9+IIjbt29ImWXGD7lzh7zXoRlz87RB/D4E4u6Q3U/Bo32rzGmO5dTGH/ue83lF0Ylz5zlfT2XJxvlyMxyfT8ffT8eymfPUWoLtbmklDAAA=",
  "debug_symbols": "pZjdTuMwEIXfJde9sMc/Y/MqCKECYVWpKqjbrrRCfff1iecE9mJXyLnh+0KZ49SZSUo/ppf56frj8XB6ffs53d1/TE/nw/F4+PF4fHveXw5vp/bbj8nhR9Hpzu+mUjrqguo62muym7xrhwH0RjEGYzSm6S6C2ajGYqyd3hm9UYwtL4HRmIzZqMZirJ3ijN4oRssTyxPLE8uTlpfBYqydwRm9UYzBGI3JmI2WF1qegrUzOqM3ijEYozEZW14B1ViMtTM5ozeKMRijMRktL1lesrxkebnlVdAbxRiM0ZiM2ajGYqydanna8ryDCCVQIiVRMkUphVJNiqMwuTC5MLkwuSDZQzJFKYVSTZaOX8RThBIokcLkimRMCCalS6EguQ2FYFh8hOCPW9sJ2t9nCNZSiFACJVKwVoFkilIKBWu1DRcMQhdPaeXiIJmilEJp5dLejqDvRSCeIpRAaScmeF9o/i6ZohQk4y1jABbBBHTxFCRjNzAEXSIlUZCMjcIgdCmUaoJZEGwUhqGLUAIFydgoDESXTFEKkrFjGIpFMBVdPEUowWRp2kWUUigtJ2B70bRdPEUogRIpiZIpyMHVQUMGXAL0YcA+ow8DNhN92EUp7TQC9hB9CAnLTXwRnIZCEFgggYLkcrvtJj4oHi/necZz4suToz1P3vfn+XSZ7k7X43E3/dofr8sf/XzfnxZe9uf2ajv9+fTS2AJfD8cZdtt9Vrt/lwqaZCluLbyWp+/Xx8D6GAfqoytWH6WM1EdhfQoj9XldX9229dWP1JfE+poH6pNw/5PkTesn0ZH1da3XkeuXol/r60B9dnz/2edt9TJy/bNyfnIZ6f8cObw5jayvnv2rQ/OjPmyrX/tfh+ZPM/tHVUbuP5nrSx65/qJrffHb1h+rr9Xq29NhoD64tV5k2/pD9WHt3zB0/w9prc9h2/pj9ev8hjLS/+0TKW9gTb88QYcCvrbQt6+gi5kt6JKMnEH9DHAycgbuM8CHkQB8BLcASVvPIP8jIOT/3Id0vQ+WvHEP5a+Ah3awfz6c//pO4Iao82H/dJzt8PV6ev7y6uX3O1/hdwrv57fn+eV6npH0+cVC+0x5r25X3AP+828H7Ua4E/U4bJ9A74PTXbtLPNxwKn8A",
  "file_map": {
    "5": {
      "source": "use crate::meta::derive_via;\n\n#[derive_via(derive_eq)]\n// docs:start:eq-trait\npub trait Eq {\n    fn eq(self, other: Self) -> bool;\n}\n// docs:end:eq-trait\n\n// docs:start:derive_eq\ncomptime fn derive_eq(s: TypeDefinition) -> Quoted {\n    let signature = quote { fn eq(_self: Self, _other: Self) -> bool };\n    let for_each_field = |name| quote { (_self.$name == _other.$name) };\n    let body = |fields| {\n        if s.fields_as_written().len() == 0 {\n            quote { true }\n        } else {\n            fields\n        }\n    };\n    crate::meta::make_trait_impl(\n        s,\n        quote { Eq },\n        signature,\n        for_each_field,\n        quote { & },\n        body,\n    )\n}\n// docs:end:derive_eq\n\nimpl Eq for Field {\n    fn eq(self, other: Field) -> bool {\n        self == other\n    }\n}\n\nimpl Eq for u128 {\n    fn eq(self, other: u128) -> bool {\n        self == other\n    }\n}\nimpl Eq for u64 {\n    fn eq(self, other: u64) -> bool {\n        self == other\n    }\n}\nimpl Eq for u32 {\n    fn eq(self, other: u32) -> bool {\n        self == other\n    }\n}\nimpl Eq for u16 {\n    fn eq(self, other: u16) -> bool {\n        self == other\n    }\n}\nimpl Eq for u8 {\n    fn eq(self, other: u8) -> bool {\n        self == other\n    }\n}\nimpl Eq for u1 {\n    fn eq(self, other: u1) -> bool {\n        self == other\n    }\n}\n\nimpl Eq for i8 {\n    fn eq(self, other: i8) -> bool {\n        self == other\n    }\n}\nimpl Eq for i16 {\n    fn eq(self, other: i16) -> bool {\n        self == other\n    }\n}\nimpl Eq for i32 {\n    fn eq(self, other: i32) -> bool {\n        self == other\n    }\n}\nimpl Eq for i64 {\n    fn eq(self, other: i64) -> bool {\n        self == other\n    }\n}\n\nimpl Eq for () {\n    fn eq(_self: Self, _other: ()) -> bool {\n        true\n    }\n}\nimpl Eq for bool {\n    fn eq(self, other: bool) -> bool {\n        self == other\n    }\n}\n\nimpl<T, let N: u32> Eq for [T; N]\nwhere\n    T: Eq,\n{\n    fn eq(self, other: [T; N]) -> bool {\n        let mut result = true;\n        for i in 0..self.len() {\n            result &= self[i].eq(other[i]);\n        }\n        result\n    }\n}\n\nimpl<T> Eq for [T]\nwhere\n    T: Eq,\n{\n    fn eq(self, other: [T]) -> bool {\n        let mut result = self.len() == other.len();\n        for i in 0..self.len() {\n            result &= self[i].eq(other[i]);\n        }\n        result\n    }\n}\n\nimpl<let N: u32> Eq for str<N> {\n    fn eq(self, other: str<N>) -> bool {\n        let self_bytes = self.as_bytes();\n        let other_bytes = other.as_bytes();\n        self_bytes == other_bytes\n    }\n}\n\nimpl<A, B> Eq for (A, B)\nwhere\n    A: Eq,\n    B: Eq,\n{\n    fn eq(self, other: (A, B)) -> bool {\n        self.0.eq(other.0) & self.1.eq(other.1)\n    }\n}\n\nimpl<A, B, C> Eq for (A, B, C)\nwhere\n    A: Eq,\n    B: Eq,\n    C: Eq,\n{\n    fn eq(self, other: (A, B, C)) -> bool {\n        self.0.eq(other.0) & self.1.eq(other.1) & self.2.eq(other.2)\n    }\n}\n\nimpl<A, B, C, D> Eq for (A, B, C, D)\nwhere\n    A: Eq,\n    B: Eq,\n    C: Eq,\n    D: Eq,\n{\n    fn eq(self, other: (A, B, C, D)) -> bool {\n        self.0.eq(other.0) & self.1.eq(other.1) & self.2.eq(other.2) & self.3.eq(other.3)\n    }\n}\n\nimpl<A, B, C, D, E> Eq for (A, B, C, D, E)\nwhere\n    A: Eq,\n    B: Eq,\n    C: Eq,\n    D: Eq,\n    E: Eq,\n{\n    fn eq(self, other: (A, B, C, D, E)) -> bool {\n        self.0.eq(other.0)\n            & self.1.eq(other.1)\n            & self.2.eq(other.2)\n            & self.3.eq(other.3)\n            & self.4.eq(other.4)\n    }\n}\n\nimpl Eq for Ordering {\n    fn eq(self, other: Ordering) -> bool {\n        self.result == other.result\n    }\n}\n\n// Noir doesn't have enums yet so we emulate (Lt | Eq | Gt) with a struct\n// that has 3 public functions for constructing the struct.\npub struct Ordering {\n    result: Field,\n}\n\nimpl Ordering {\n    // Implementation note: 0, 1, and 2 for Lt, Eq, and Gt are built\n    // into the compiler, do not change these without also updating\n    // the compiler itself!\n    pub fn less() -> Ordering {\n        Ordering { result: 0 }\n    }\n\n    pub fn equal() -> Ordering {\n        Ordering { result: 1 }\n    }\n\n    pub fn greater() -> Ordering {\n        Ordering { result: 2 }\n    }\n}\n\n#[derive_via(derive_ord)]\n// docs:start:ord-trait\npub trait Ord {\n    fn cmp(self, other: Self) -> Ordering;\n}\n// docs:end:ord-trait\n\n// docs:start:derive_ord\ncomptime fn derive_ord(s: TypeDefinition) -> Quoted {\n    let signature = quote { fn cmp(_self: Self, _other: Self) -> std::cmp::Ordering };\n    let for_each_field = |name| quote {\n        if result == std::cmp::Ordering::equal() {\n            result = _self.$name.cmp(_other.$name);\n        }\n    };\n    let body = |fields| quote {\n        let mut result = std::cmp::Ordering::equal();\n        $fields\n        result\n    };\n    crate::meta::make_trait_impl(s, quote { Ord }, signature, for_each_field, quote {}, body)\n}\n// docs:end:derive_ord\n\n// Note: Field deliberately does not implement Ord\n\nimpl Ord for u128 {\n    fn cmp(self, other: u128) -> Ordering {\n        if self < other {\n            Ordering::less()\n        } else if self > other {\n            Ordering::greater()\n        } else {\n            Ordering::equal()\n        }\n    }\n}\nimpl Ord for u64 {\n    fn cmp(self, other: u64) -> Ordering {\n        if self < other {\n            Ordering::less()\n        } else if self > other {\n            Ordering::greater()\n        } else {\n            Ordering::equal()\n        }\n    }\n}\n\nimpl Ord for u32 {\n    fn cmp(self, other: u32) -> Ordering {\n        if self < other {\n            Ordering::less()\n        } else if self > other {\n            Ordering::greater()\n        } else {\n            Ordering::equal()\n        }\n    }\n}\n\nimpl Ord for u16 {\n    fn cmp(self, other: u16) -> Ordering {\n        if self < other {\n            Ordering::less()\n        } else if self > other {\n            Ordering::greater()\n        } else {\n            Ordering::equal()\n        }\n    }\n}\n\nimpl Ord for u8 {\n    fn cmp(self, other: u8) -> Ordering {\n        if self < other {\n            Ordering::less()\n        } else if self > other {\n            Ordering::greater()\n        } else {\n            Ordering::equal()\n        }\n    }\n}\n\nimpl Ord for i8 {\n    fn cmp(self, other: i8) -> Ordering {\n        if self < other {\n            Ordering::less()\n        } else if self > other {\n            Ordering::greater()\n        } else {\n            Ordering::equal()\n        }\n    }\n}\n\nimpl Ord for i16 {\n    fn cmp(self, other: i16) -> Ordering {\n        if self < other {\n            Ordering::less()\n        } else if self > other {\n            Ordering::greater()\n        } else {\n            Ordering::equal()\n        }\n    }\n}\n\nimpl Ord for i32 {\n    fn cmp(self, other: i32) -> Ordering {\n        if self < other {\n            Ordering::less()\n        } else if self > other {\n            Ordering::greater()\n        } else {\n            Ordering::equal()\n        }\n    }\n}\n\nimpl Ord for i64 {\n    fn cmp(self, other: i64) -> Ordering {\n        if self < other {\n            Ordering::less()\n        } else if self > other {\n            Ordering::greater()\n        } else {\n            Ordering::equal()\n        }\n    }\n}\n\nimpl Ord for () {\n    fn cmp(_self: Self, _other: ()) -> Ordering {\n        Ordering::equal()\n    }\n}\n\nimpl Ord for bool {\n    fn cmp(self, other: bool) -> Ordering {\n        if self {\n            if other {\n                Ordering::equal()\n            } else {\n                Ordering::greater()\n            }\n        } else if other {\n            Ordering::less()\n        } else {\n            Ordering::equal()\n        }\n    }\n}\n\nimpl<T, let N: u32> Ord for [T; N]\nwhere\n    T: Ord,\n{\n    // The first non-equal element of both arrays determines\n    // the ordering for the whole array.\n    fn cmp(self, other: [T; N]) -> Ordering {\n        let mut result = Ordering::equal();\n        for i in 0..self.len() {\n            if result == Ordering::equal() {\n                result = self[i].cmp(other[i]);\n            }\n        }\n        result\n    }\n}\n\nimpl<T> Ord for [T]\nwhere\n    T: Ord,\n{\n    // The first non-equal element of both arrays determines\n    // the ordering for the whole array.\n    fn cmp(self, other: [T]) -> Ordering {\n        let mut result = self.len().cmp(other.len());\n        for i in 0..self.len() {\n            if result == Ordering::equal() {\n                result = self[i].cmp(other[i]);\n            }\n        }\n        result\n    }\n}\n\nimpl<A, B> Ord for (A, B)\nwhere\n    A: Ord,\n    B: Ord,\n{\n    fn cmp(self, other: (A, B)) -> Ordering {\n        let result = self.0.cmp(other.0);\n\n        if result != Ordering::equal() {\n            result\n        } else {\n            self.1.cmp(other.1)\n        }\n    }\n}\n\nimpl<A, B, C> Ord for (A, B, C)\nwhere\n    A: Ord,\n    B: Ord,\n    C: Ord,\n{\n    fn cmp(self, other: (A, B, C)) -> Ordering {\n        let mut result = self.0.cmp(other.0);\n\n        if result == Ordering::equal() {\n            result = self.1.cmp(other.1);\n        }\n\n        if result == Ordering::equal() {\n            result = self.2.cmp(other.2);\n        }\n\n        result\n    }\n}\n\nimpl<A, B, C, D> Ord for (A, B, C, D)\nwhere\n    A: Ord,\n    B: Ord,\n    C: Ord,\n    D: Ord,\n{\n    fn cmp(self, other: (A, B, C, D)) -> Ordering {\n        let mut result = self.0.cmp(other.0);\n\n        if result == Ordering::equal() {\n            result = self.1.cmp(other.1);\n        }\n\n        if result == Ordering::equal() {\n            result = self.2.cmp(other.2);\n        }\n\n        if result == Ordering::equal() {\n            result = self.3.cmp(other.3);\n        }\n\n        result\n    }\n}\n\nimpl<A, B, C, D, E> Ord for (A, B, C, D, E)\nwhere\n    A: Ord,\n    B: Ord,\n    C: Ord,\n    D: Ord,\n    E: Ord,\n{\n    fn cmp(self, other: (A, B, C, D, E)) -> Ordering {\n        let mut result = self.0.cmp(other.0);\n\n        if result == Ordering::equal() {\n            result = self.1.cmp(other.1);\n        }\n\n        if result == Ordering::equal() {\n            result = self.2.cmp(other.2);\n        }\n\n        if result == Ordering::equal() {\n            result = self.3.cmp(other.3);\n        }\n\n        if result == Ordering::equal() {\n            result = self.4.cmp(other.4);\n        }\n\n        result\n    }\n}\n\n// Compares and returns the maximum of two values.\n//\n// Returns the second argument if the comparison determines them to be equal.\n//\n// # Examples\n//\n// ```\n// use std::cmp;\n//\n// assert_eq(cmp::max(1, 2), 2);\n// assert_eq(cmp::max(2, 2), 2);\n// ```\npub fn max<T>(v1: T, v2: T) -> T\nwhere\n    T: Ord,\n{\n    if v1 > v2 {\n        v1\n    } else {\n        v2\n    }\n}\n\n// Compares and returns the minimum of two values.\n//\n// Returns the first argument if the comparison determines them to be equal.\n//\n// # Examples\n//\n// ```\n// use std::cmp;\n//\n// assert_eq(cmp::min(1, 2), 1);\n// assert_eq(cmp::min(2, 2), 2);\n// ```\npub fn min<T>(v1: T, v2: T) -> T\nwhere\n    T: Ord,\n{\n    if v1 > v2 {\n        v2\n    } else {\n        v1\n    }\n}\n\nmod cmp_tests {\n    use crate::cmp::{max, min};\n\n    #[test]\n    fn sanity_check_min() {\n        assert_eq(min(0 as u64, 1 as u64), 0);\n        assert_eq(min(0 as u64, 0 as u64), 0);\n        assert_eq(min(1 as u64, 1 as u64), 1);\n        assert_eq(min(255 as u8, 0 as u8), 0);\n    }\n\n    #[test]\n    fn sanity_check_max() {\n        assert_eq(max(0 as u64, 1 as u64), 1);\n        assert_eq(max(0 as u64, 0 as u64), 0);\n        assert_eq(max(1 as u64, 1 as u64), 1);\n        assert_eq(max(255 as u8, 0 as u8), 255);\n    }\n}\n",
      "path": "std/cmp.nr"
    },
    "50": {
      "source": "struct Bar {\n    inner: [Field; 3],\n}\n\nstruct Foo {\n    a: Field,\n    b: [Field; 3],\n    bar: Bar,\n}\n\nfn main(pair: (Field, Field), x: [(u8, u8, u8); 2], struct_pair: (Foo, Bar)) -> pub (Field, u8) {\n    let mut start_val = 0;\n    for i in 0..2 {\n        assert(x[i].0 == start_val);\n        assert(x[i].1 == start_val + 1);\n        assert(x[i].2 == start_val + 2);\n        start_val += 3;\n    }\n\n    assert(struct_pair.0.a == 1);\n    assert(struct_pair.0.b == [2, 3, 20]);\n    assert(struct_pair.0.bar.inner == [100, 101, 102]);\n    assert(struct_pair.1.inner == [103, 104, 105]);\n\n    let (u, v) = if pair.0 as u32 < 1 {\n        (pair.0, pair.0 + 1)\n    } else {\n        (pair.0 + 1, pair.0)\n    };\n\n    assert(u == pair.0 + 1);\n    assert(v == pair.0);\n\n    (u, v as u8)\n}\n",
      "path": ""
    }
  },
  "names": [
    "main"
  ],
  "brillig_names": [
    "main"
  ]
}
