---
source: tooling/nargo_cli/tests/execute.rs
expression: artifact
---
{
  "noir_version": "[noir_version]",
  "hash": "[hash]",
  "abi": {
    "parameters": [
      {
        "name": "x",
        "type": {
          "kind": "array",
          "length": 5,
          "type": {
            "kind": "integer",
            "sign": "unsigned",
            "width": 32
          }
        },
        "visibility": "private"
      },
      {
        "name": "idx",
        "type": {
          "kind": "field"
        },
        "visibility": "private"
      }
    ],
    "return_type": null,
    "error_types": {
      "14225679739041873922": {
        "error_kind": "string",
        "string": "Index out of bounds"
      }
    }
  },
  "bytecode": "H4sIAAAAAAAA/9VZS3LiQAyVbQhgwPngLGbHzAnc/gR7l3PMLlTMZq45c405S9JBAlWnQyrx61RQFSW73fX89FqW7CaiveXPv198HD3/EvbW1s5Y5BmLPWOJZ2zEYwljj+logpPwPFI+ptcm/O7ZF8PMjHFYhYfuUGwjB1qLC/YTcoS2F/47YxMWX1sSUMSquKvrflP2pjIPRdlt26aom+1da1rTtM1j2VZV39btptt2m6IzddWbXdOVO8a6GI5VMVYxoTCLGzv6DeWJjHnqifmzmDqPppxbIzoWBNeigLogYhGbhSQ88yTIUPIzwj2sKTDeUBqm9Hal/yx+SthigI57wnG/lTsfNcFFrvccqKEuLhb3J31t50c0h93eHj10g3T+BfulCCICLuhYlWXMTlo7pNCdX4s4tPMvCJeoS+DintvrKPPeeugGScqM/aUIIgmY0euktJPWDqnv/DqaES4pL8GLi06+hVozAsad0ffuvDZfbOyozsuGyMMDxyughr5CBoz78KmEzk+kBqE4XiM5StF8b8MkRCD2gbgm3Lduvy9cG2SXv8HF+xCT/5sWpWeodTqHh+ImAEcv0aEJtcIRrQMnVLDFWp0BxxzNEd36bWVGVjqLlQcWclhl70rZ6rcmW9Sy+Lpj6W6m54j9YB/TVfb7759/dDjf25S97OKlCiPBaVMK/jwM/suGj2upOp471yT+EZ3WT5/Hjj8199SO7tJzTTBX7DVfiWPm+FuFC9TSCH4eBt+7VrfqOHfi1HrfgzgInu9vNHLuO3bmus9MhOdnXC6J515ikjO5GhM9nwBLggWQnxwAAA==",
  "debug_symbols": "nZLBjoMgEIbfhbMHQCjSV9lsDCo2JAQNhU02xnffkSnd9tCLFz5h/H7NMBuZ7JBvvQvzcifXr40M0Xnvbr1fRpPcEuB02xtSt32K1sIReamDtZpoQyLXkL1vyI/xubx0X00oTCZClTbEhgkIgbPz9njam3+bflaZaB8yk+1Tl6d8dcZX9eeZOvX9S/f0xRlfV59T/eZ/w86MLr7dGLmA0hBV1q6suqyMIhiCI1qEQEgERjDI4IAOoQs4RUAKtJVzRIsQCImAFAFQiA6hC1qKYAiOgBS5H42IzgzePuZvzmF8Gcf0u9ZKHdg1LqOdcrRHI0oNWvMH",
  "file_map": {
    "50": {
      "source": "fn main(mut x: [u32; 5], idx: Field) {\n    // We should not hit out of bounds here as we have a predicate\n    // that should not be hit\n    if idx as u32 < 3 {\n        x[idx] = 10;\n    }\n    assert(x[4] == 111);\n}\n",
      "path": ""
    }
  },
  "names": [
    "main"
  ],
  "brillig_names": [
    "directive_integer_quotient",
    "directive_invert"
  ]
}
